 binding

 Timestamp is 593c99fb (Sun Jun 11 09:16:43 2017)

 Preferred load address is 0000000180000000

 Start         Length     Name                   Class
 0001:00000000 0000a6e0H .text$mn                CODE
 0001:0000a6e0 00000020H .text$mn$00             CODE
 0001:0000a700 00000260H .text$x                 CODE
 0002:00000000 00000240H .idata$5                DATA
 0002:00000240 00000010H .00cfg                  DATA
 0002:00000250 00000008H .CRT$XCA                DATA
 0002:00000258 00000008H .CRT$XCU                DATA
 0002:00000260 00000008H .CRT$XCZ                DATA
 0002:00000268 00000008H .CRT$XIA                DATA
 0002:00000270 00000018H .CRT$XIC                DATA
 0002:00000288 00000008H .CRT$XIZ                DATA
 0002:00000290 00000008H .CRT$XPA                DATA
 0002:00000298 00000010H .CRT$XPX                DATA
 0002:000002a8 00000008H .CRT$XPXA               DATA
 0002:000002b0 00000008H .CRT$XPZ                DATA
 0002:000002b8 00000008H .CRT$XTA                DATA
 0002:000002c0 00000010H .CRT$XTZ                DATA
 0002:000002d0 00007058H .rdata                  DATA
 0002:00007328 00000000H .rdata$r                DATA
 0002:00007328 000003a8H .rdata$zzzdbg           DATA
 0002:000076d0 00000008H .rtc$IAA                DATA
 0002:000076d8 00000008H .rtc$IZZ                DATA
 0002:000076e0 00000008H .rtc$TAA                DATA
 0002:000076e8 00000008H .rtc$TZZ                DATA
 0002:000076f0 00000a7cH .xdata                  DATA
 0002:0000816c 00000020H .didat$2                DATA
 0002:0000818c 00000024H .didat$3                DATA
 0002:000081b0 00000050H .didat$4                DATA
 0002:00008200 00000270H .didat$6                DATA
 0002:00008470 00000050H .didat$7                DATA
 0002:000084c0 00000054H .edata                  DATA
 0002:00008514 00000014H .idata$2                DATA
 0002:00008528 00000018H .idata$3                DATA
 0002:00008540 00000240H .idata$4                DATA
 0002:00008780 0000053aH .idata$6                DATA
 0003:00000000 00000920H .data                   DATA
 0003:00000920 00000000H .data$r                 DATA
 0003:00000920 00000050H .didat$5                DATA
 0003:00000970 000011e8H .bss                    DATA
 0004:00000000 00000d20H .pdata                  DATA
 0005:00000000 00000080H .gfids$x                DATA
 0005:00000080 00000014H .gfids$y                DATA
 0006:00000000 00000060H .rsrc$01                DATA
 0006:00000060 00000180H .rsrc$02                DATA

  Address         Publics by Value              Rva+Base               Lib:Object

 0000:00000000       __guard_iat_count          0000000000000000     <absolute>
 0000:00000000       __dynamic_value_reloc_table 0000000000000000     <absolute>
 0000:00000000       __guard_iat_table          0000000000000000     <absolute>
 0000:00000000       __guard_longjmp_table      0000000000000000     <absolute>
 0000:00000000       __guard_longjmp_count      0000000000000000     <absolute>
 0000:00000000       __guard_fids_count         0000000000000000     <absolute>
 0000:00000000       ___safe_se_handler_table   0000000000000000     <absolute>
 0000:00000000       ___safe_se_handler_count   0000000000000000     <absolute>
 0000:00000000       __guard_fids_table         0000000000000000     <absolute>
 0000:00000100       __guard_flags              0000000000000100     <absolute>
 0000:00000000       __ImageBase                0000000180000000     <linker-defined>
 0001:00000000       ?NODE_SET_METHOD@node@@YAXV?$Local@VObject@v8@@@v8@@PEBDP6AXAEBV?$FunctionCallbackInfo@VValue@v8@@@3@@Z@Z 0000000180001000 f i binding.obj
 0001:000000d0       ?Method@@YAXAEBV?$FunctionCallbackInfo@VValue@v8@@@v8@@@Z 00000001800010d0 f   binding.obj
 0001:00000150       ?init@@YAXV?$Local@VObject@v8@@@v8@@@Z 0000000180001150 f   binding.obj
 0001:000001bc       __imp_load_?GetCurrent@Isolate@v8@@SAPEAV12@XZ 00000001800011bc f   node:node.exe
 0001:000001c8       __tailMerge_node_exe       00000001800011c8 f i node:node.exe
 0001:00000241       __imp_load_??1HandleScope@v8@@QEAA@XZ 0000000180001241 f   node:node.exe
 0001:0000024d       __imp_load_??0HandleScope@v8@@QEAA@PEAVIsolate@1@@Z 000000018000124d f   node:node.exe
 0001:00000259       __imp_load_?GetFunction@FunctionTemplate@v8@@QEAA?AV?$Local@VFunction@v8@@@2@XZ 0000000180001259 f   node:node.exe
 0001:00000265       __imp_load_?New@FunctionTemplate@v8@@SA?AV?$Local@VFunctionTemplate@v8@@@2@PEAVIsolate@2@P6AXAEBV?$FunctionCallbackInfo@VValue@v8@@@2@@ZV?$Local@VValue@v8@@@2@V?$Local@VSignature@v8@@@2@HW4ConstructorBehavior@2@@Z 0000000180001265 f   node:node.exe
 0001:00000271       __imp_load_?NewFromUtf8@String@v8@@SA?AV?$Local@VString@v8@@@2@PEAVIsolate@2@PEBDW4NewStringType@12@H@Z 0000000180001271 f   node:node.exe
 0001:0000027d       __imp_load_?Set@Object@v8@@QEAA_NV?$Local@VValue@v8@@@2@0@Z 000000018000127d f   node:node.exe
 0001:00000289       __imp_load_?SetName@Function@v8@@QEAAXV?$Local@VString@v8@@@2@@Z 0000000180001289 f   node:node.exe
 0001:00000295       __imp_load_node_module_register 0000000180001295 f   node:node.exe
 0001:000002c0       __security_check_cookie    00000001800012c0 f   LIBCMT:_amdsecgs_.obj
 0001:00000630       _DllMainCRTStartup         0000000180001630 f   LIBCMT:dll_dllmain.obj
 0001:00000670       __raise_securityfailure    0000000180001670 f   LIBCMT:gs_report.obj
 0001:000006a4       __report_gsfailure         00000001800016a4 f   LIBCMT:gs_report.obj
 0001:00000778       __report_rangecheckfailure 0000000180001778 f   LIBCMT:gs_report.obj
 0001:0000078c       __report_securityfailure   000000018000178c f   LIBCMT:gs_report.obj
 0001:0000090c       __scrt_acquire_startup_lock 000000018000190c f   LIBCMT:utility.obj
 0001:00000948       __scrt_dllmain_after_initialize_c 0000000180001948 f   LIBCMT:utility.obj
 0001:0000097c       __scrt_dllmain_before_initialize_c 000000018000197c f   LIBCMT:utility.obj
 0001:00000994       __scrt_dllmain_crt_thread_attach 0000000180001994 f   LIBCMT:utility.obj
 0001:000009bc       __scrt_dllmain_crt_thread_detach 00000001800019bc f   LIBCMT:utility.obj
 0001:000009d4       __scrt_dllmain_exception_filter 00000001800019d4 f   LIBCMT:utility.obj
 0001:00000a38       __scrt_dllmain_uninitialize_c 0000000180001a38 f   LIBCMT:utility.obj
 0001:00000a68       __scrt_dllmain_uninitialize_critical 0000000180001a68 f   LIBCMT:utility.obj
 0001:00000a7c       __scrt_initialize_crt      0000000180001a7c f   LIBCMT:utility.obj
 0001:00000ac8       __scrt_initialize_onexit_tables 0000000180001ac8 f   LIBCMT:utility.obj
 0001:00000b94       __scrt_is_nonwritable_in_current_image 0000000180001b94 f   LIBCMT:utility.obj
 0001:00000c30       __scrt_release_startup_lock 0000000180001c30 f   LIBCMT:utility.obj
 0001:00000c54       __scrt_uninitialize_crt    0000000180001c54 f   LIBCMT:utility.obj
 0001:00000c80       _onexit                    0000000180001c80 f   LIBCMT:utility.obj
 0001:00000cd0       atexit                     0000000180001cd0 f   LIBCMT:utility.obj
 0001:00000ce8       __security_init_cookie     0000000180001ce8 f   LIBCMT:gs_support.obj
 0001:00000d94       _get_startup_argv_mode     0000000180001d94 f   LIBCMT:argv_mode.obj
 0001:00000d94       DllMain                    0000000180001d94 f   LIBCMT:dll_dllmain_stub.obj
 0001:00000d9c       ?__scrt_initialize_type_info@@YAXXZ 0000000180001d9c f   LIBCMT:tncleanup.obj
 0001:00000dac       ?__scrt_uninitialize_type_info@@YAXXZ 0000000180001dac f   LIBCMT:tncleanup.obj
 0001:00000db8       __local_stdio_printf_options 0000000180001db8 f i LIBCMT:default_local_stdio_options.obj
 0001:00000dc0       __local_stdio_scanf_options 0000000180001dc0 f i LIBCMT:default_local_stdio_options.obj
 0001:00000dc8       __scrt_initialize_default_local_stdio_options 0000000180001dc8 f   LIBCMT:default_local_stdio_options.obj
 0001:00000de4       __scrt_get_dyn_tls_init_callback 0000000180001de4 f   LIBCMT:dyn_tls_init.obj
 0001:00000dec       __crt_debugger_hook        0000000180001dec f   LIBCMT:utility_desktop.obj
 0001:00000df4       __scrt_fastfail            0000000180001df4 f   LIBCMT:utility_desktop.obj
 0001:00000f3c       _RTC_Initialize            0000000180001f3c f   LIBCMT:_initsect_.obj
 0001:00000f88       _RTC_Terminate             0000000180001f88 f   LIBCMT:_initsect_.obj
 0001:00000fd4       _guard_check_icall         0000000180001fd4 f i LIBCMT:checkcfg.obj
 0001:00000fdc       __isa_available_init       0000000180001fdc f   LIBCMT:_cpu_disp_.obj
 0001:000011a4       __scrt_is_ucrt_dll_in_use  00000001800021a4 f   LIBCMT:ucrt_detection.obj
 0001:000011b0       __except_validate_context_record 00000001800021b0 f i libvcruntime:jbcxrval.obj
 0001:000011b0       _guard_check_icall_nop     00000001800021b0 f i LIBCMT:guard_support.obj
 0001:000011c0       __C_specific_handler       00000001800021c0 f   libvcruntime:_chandler_.obj
 0001:000013bc       __vcrt_initialize          00000001800023bc f   libvcruntime:initialization.obj
 0001:000013f0       __vcrt_thread_attach       00000001800023f0 f   libvcruntime:initialization.obj
 0001:00001404       __vcrt_thread_detach       0000000180002404 f   libvcruntime:initialization.obj
 0001:00001418       __vcrt_uninitialize        0000000180002418 f   libvcruntime:initialization.obj
 0001:00001438       __vcrt_uninitialize_critical 0000000180002438 f   libvcruntime:initialization.obj
 0001:00001448       __std_type_info_destroy_list 0000000180002448 f   libvcruntime:std_type_info.obj
 0001:00001490       memset                     0000000180002490 f   libvcruntime:memset.obj
 0001:00001640       _local_unwind              0000000180002640 f   libvcruntime:_jmpuwind_.obj
 0001:00001670       _NLG_Notify                0000000180002670 f   libvcruntime:_jmpuwind_.obj
 0001:00001690       __NLG_Dispatch2            0000000180002690 f   libvcruntime:_jmpuwind_.obj
 0001:000016a0       __NLG_Return2              00000001800026a0 f   libvcruntime:_jmpuwind_.obj
 0001:000016a4       __vcrt_freefls             00000001800026a4 f   libvcruntime:per_thread_data.obj
 0001:000016c4       __vcrt_freeptd             00000001800026c4 f   libvcruntime:per_thread_data.obj
 0001:00001714       __vcrt_getptd_noexit       0000000180002714 f   libvcruntime:per_thread_data.obj
 0001:000017cc       __vcrt_initialize_ptd      00000001800027cc f   libvcruntime:per_thread_data.obj
 0001:0000180c       __vcrt_uninitialize_ptd    000000018000280c f   libvcruntime:per_thread_data.obj
 0001:00001830       __vcrt_initialize_locks    0000000180002830 f   libvcruntime:locks.obj
 0001:00001878       __vcrt_uninitialize_locks  0000000180002878 f   libvcruntime:locks.obj
 0001:00001a78       __vcrt_FlsAlloc            0000000180002a78 f   libvcruntime:winapi_downlevel.obj
 0001:00001acc       __vcrt_FlsFree             0000000180002acc f   libvcruntime:winapi_downlevel.obj
 0001:00001b20       __vcrt_FlsGetValue         0000000180002b20 f   libvcruntime:winapi_downlevel.obj
 0001:00001b74       __vcrt_FlsSetValue         0000000180002b74 f   libvcruntime:winapi_downlevel.obj
 0001:00001bdc       __vcrt_InitializeCriticalSectionEx 0000000180002bdc f   libvcruntime:winapi_downlevel.obj
 0001:00001c54       __vcrt_initialize_winapi_thunks 0000000180002c54 f   libvcruntime:winapi_downlevel.obj
 0001:00001ca0       __vcrt_uninitialize_winapi_thunks 0000000180002ca0 f   libvcruntime:winapi_downlevel.obj
 0001:00001ce0       __vcrt_initialize_pure_virtual_call_handler 0000000180002ce0 f   libvcruntime:purevirt_data.obj
 0001:00001d04       ??0_LocaleUpdate@@QEAA@QEAU__crt_locale_pointers@@@Z 0000000180002d04 f i libucrt:stricmp.obj
 0001:00001d94       __ascii_stricmp            0000000180002d94 f   libucrt:stricmp.obj
 0001:00001dd0       _stricmp                   0000000180002dd0 f   libucrt:stricmp.obj
 0001:00001e18       _stricmp_l                 0000000180002e18 f   libucrt:stricmp.obj
 0001:00001ecc       _initterm                  0000000180002ecc f   libucrt:initterm.obj
 0001:00001f44       _initterm_e                0000000180002f44 f   libucrt:initterm.obj
 0001:00001f90       _seh_filter_dll            0000000180002f90 f   libucrt:exception_filter.obj
 0001:00001fa4       _seh_filter_exe            0000000180002fa4 f   libucrt:exception_filter.obj
 0001:00002364       __acrt_initialize_thread_local_exit_callback 0000000180003364 f   libucrt:exit.obj
 0001:0000236c       _cexit                     000000018000336c f   libucrt:exit.obj
 0001:0000237c       _exit                      000000018000337c f   libucrt:exit.obj
 0001:00002388       _is_c_termination_complete 0000000180003388 f   libucrt:exit.obj
 0001:0000254c       __acrt_allocate_buffer_for_argv 000000018000354c f   libucrt:argv_parsing.obj
 0001:000025b0       _configure_narrow_argv     00000001800035b0 f   libucrt:argv_parsing.obj
 0001:0000290c       __dcrt_uninitialize_environments_nolock 000000018000390c f   libucrt:environment_initialization.obj
 0001:00002944       _initialize_narrow_environment 0000000180003944 f   libucrt:environment_initialization.obj
 0001:0000294c       ??$?RV<lambda_b8c45f8f788dd370798f47cfe8ac3a86>@@AEAV<lambda_4e60a939b0d047cfe11ddc22648dfba9>@@V<lambda_332c3edc96d0294ec56c57d38c1cdfd5>@@@?$__crt_seh_guarded_call@H@@QEAAH$$QEAV<lambda_b8c45f8f788dd370798f47cfe8ac3a86>@@AEAV<lambda_4e60a939b0d047cfe11ddc22648dfba9>@@$$QEAV<lambda_332c3edc96d0294ec56c57d38c1cdfd5>@@@Z 000000018000394c f i libucrt:onexit.obj
 0001:00002988       ??$?RV<lambda_e24bbb7b643b32fcea6fa61b31d4c984>@@AEAV<lambda_275893d493268fdec8709772e3fcec0e>@@V<lambda_9d71df4d7cf3f480f8d633942495c3b0>@@@?$__crt_seh_guarded_call@H@@QEAAH$$QEAV<lambda_e24bbb7b643b32fcea6fa61b31d4c984>@@AEAV<lambda_275893d493268fdec8709772e3fcec0e>@@$$QEAV<lambda_9d71df4d7cf3f480f8d633942495c3b0>@@@Z 0000000180003988 f i libucrt:onexit.obj
 0001:00002d04       _crt_atexit                0000000180003d04 f   libucrt:onexit.obj
 0001:00002d14       _execute_onexit_table      0000000180003d14 f   libucrt:onexit.obj
 0001:00002d50       _initialize_onexit_table   0000000180003d50 f   libucrt:onexit.obj
 0001:00002d90       _register_onexit_function  0000000180003d90 f   libucrt:onexit.obj
 0001:00002f0c       __acrt_uninitialize_command_line 0000000180003f0c f   libucrt:argv_data.obj
 0001:00002f10       __acrt_initialize          0000000180003f10 f   libucrt:initialization.obj
 0001:00002f24       __acrt_thread_attach       0000000180003f24 f   libucrt:initialization.obj
 0001:00002f38       __acrt_thread_detach       0000000180003f38 f   libucrt:initialization.obj
 0001:00002f48       __acrt_uninitialize        0000000180003f48 f   libucrt:initialization.obj
 0001:00002f5c       __acrt_uninitialize_critical 0000000180003f5c f   libucrt:initialization.obj
 0001:00002f6c       terminate                  0000000180003f6c f   libucrt:terminate.obj
 0001:00002f94       _free_base                 0000000180003f94 f   libucrt:free_base.obj
 0001:00002fd4       _malloc_base               0000000180003fd4 f   libucrt:malloc_base.obj
 0001:00003034       strcpy_s                   0000000180004034 f   libucrt:strcpy_s.obj
 0001:00003094       abort                      0000000180004094 f   libucrt:abort.obj
 0001:000030ec       _calloc_base               00000001800040ec f   libucrt:calloc_base.obj
 0001:00003164       __acrt_call_reportfault    0000000180004164 f   libucrt:invalid_parameter.obj
 0001:000032c0       __acrt_initialize_invalid_parameter_handler 00000001800042c0 f   libucrt:invalid_parameter.obj
 0001:000032c8       _invalid_parameter         00000001800042c8 f   libucrt:invalid_parameter.obj
 0001:00003370       _invalid_parameter_noinfo  0000000180004370 f   libucrt:invalid_parameter.obj
 0001:00003390       _invoke_watson             0000000180004390 f   libucrt:invalid_parameter.obj
 0001:000033d8       __acrt_errno_from_os_error 00000001800043d8 f   libucrt:errno.obj
 0001:00003420       __acrt_errno_map_os_error  0000000180004420 f   libucrt:errno.obj
 0001:00003470       __doserrno                 0000000180004470 f   libucrt:errno.obj
 0001:00003490       _errno                     0000000180004490 f   libucrt:errno.obj
 0001:00003500       _tolower_l                 0000000180004500 f   libucrt:tolower_toupper.obj
 0001:00003640       ??$?RV<lambda_46352004c1216016012b18bd6f87e700>@@AEAV<lambda_3bd07e1a1191394380780325891bf33f>@@V<lambda_334532d3f185bcaa59b5be82d7d22bff>@@@?$__crt_seh_guarded_call@X@@QEAAX$$QEAV<lambda_46352004c1216016012b18bd6f87e700>@@AEAV<lambda_3bd07e1a1191394380780325891bf33f>@@$$QEAV<lambda_334532d3f185bcaa59b5be82d7d22bff>@@@Z 0000000180004640 f i libucrt:per_thread_data.obj
 0001:000036a0       ??$?RV<lambda_5e887d1dcbef67a5eb4283622ba103bf>@@AEAV<lambda_4466841279450cc726390878d4a41900>@@V<lambda_341c25c0346d94847f1f3c463c57e077>@@@?$__crt_seh_guarded_call@X@@QEAAX$$QEAV<lambda_5e887d1dcbef67a5eb4283622ba103bf>@@AEAV<lambda_4466841279450cc726390878d4a41900>@@$$QEAV<lambda_341c25c0346d94847f1f3c463c57e077>@@@Z 00000001800046a0 f i libucrt:per_thread_data.obj
 0001:000036e8       ??$?RV<lambda_72d1df2b273a38828b1ce30cbf4cdab5>@@AEAV<lambda_876a65b173b8412d3a47c70a915b0cf4>@@V<lambda_41932305e351933ebe8f8be3ed8bb5dc>@@@?$__crt_seh_guarded_call@X@@QEAAX$$QEAV<lambda_72d1df2b273a38828b1ce30cbf4cdab5>@@AEAV<lambda_876a65b173b8412d3a47c70a915b0cf4>@@$$QEAV<lambda_41932305e351933ebe8f8be3ed8bb5dc>@@@Z 00000001800046e8 f i libucrt:per_thread_data.obj
 0001:00003728       ??$?RV<lambda_fb3a7dec4e47f37f22dae91bb15c9095>@@AEAV<lambda_698284760c8add0bfb0756c19673e34b>@@V<lambda_dfb8eca1e75fef3034a8fb18dd509707>@@@?$__crt_seh_guarded_call@X@@QEAAX$$QEAV<lambda_fb3a7dec4e47f37f22dae91bb15c9095>@@AEAV<lambda_698284760c8add0bfb0756c19673e34b>@@$$QEAV<lambda_dfb8eca1e75fef3034a8fb18dd509707>@@@Z 0000000180004728 f i libucrt:per_thread_data.obj
 0001:000039b8       __acrt_freeptd             00000001800049b8 f   libucrt:per_thread_data.obj
 0001:000039fc       __acrt_getptd              00000001800049fc f   libucrt:per_thread_data.obj
 0001:00003a90       __acrt_getptd_noexit       0000000180004a90 f   libucrt:per_thread_data.obj
 0001:00003b30       __acrt_initialize_ptd      0000000180004b30 f   libucrt:per_thread_data.obj
 0001:00003b6c       __acrt_uninitialize_ptd    0000000180004b6c f   libucrt:per_thread_data.obj
 0001:00003b90       __acrt_update_locale_info  0000000180004b90 f   libucrt:locale_update.obj
 0001:00003bc4       __acrt_update_multibyte_info 0000000180004bc4 f   libucrt:locale_update.obj
 0001:00003bf8       __acrt_set_locale_changed  0000000180004bf8 f   libucrt:wsetlocale.obj
 0001:00003c04       __acrt_uninitialize_locale 0000000180004c04 f   libucrt:wsetlocale.obj
 0001:00003c4c       __acrt_initialize_locks    0000000180004c4c f   libucrt:locks.obj
 0001:00003c94       __acrt_lock                0000000180004c94 f   libucrt:locks.obj
 0001:00003cb0       __acrt_uninitialize_locks  0000000180004cb0 f   libucrt:locks.obj
 0001:00003ce8       __acrt_unlock              0000000180004ce8 f   libucrt:locks.obj
 0001:00003ea4       __acrt_FlsAlloc            0000000180004ea4 f   libucrt:winapi_thunks.obj
 0001:00003efc       __acrt_FlsFree             0000000180004efc f   libucrt:winapi_thunks.obj
 0001:00003f54       __acrt_FlsGetValue         0000000180004f54 f   libucrt:winapi_thunks.obj
 0001:00003fac       __acrt_FlsSetValue         0000000180004fac f   libucrt:winapi_thunks.obj
 0001:00004014       __acrt_InitializeCriticalSectionEx 0000000180005014 f   libucrt:winapi_thunks.obj
 0001:0000408c       __acrt_LCMapStringEx       000000018000508c f   libucrt:winapi_thunks.obj
 0001:0000417c       __acrt_LocaleNameToLCID    000000018000517c f   libucrt:winapi_thunks.obj
 0001:000041e4       __acrt_initialize_winapi_thunks 00000001800051e4 f   libucrt:winapi_thunks.obj
 0001:0000421c       __acrt_is_packaged_app     000000018000521c f   libucrt:winapi_thunks.obj
 0001:000042a4       __acrt_uninitialize_winapi_thunks 00000001800052a4 f   libucrt:winapi_thunks.obj
 0001:000047c4       ?expand_if_necessary@?$argument_list@D@?A0xca0879c4@@AEAAHXZ 00000001800057c4 f i libucrt:argv_wildcards.obj
 0001:0000488c       __acrt_expand_narrow_argv_wildcards 000000018000588c f   libucrt:argv_wildcards.obj
 0001:00004894       ??$?RV<lambda_99476a1ad63dd22509b5d3e65b0ffc95>@@AEAV<lambda_ad1ced32f4ac17aa236e5ef05d6b3b7c>@@V<lambda_f7424dd8d45958661754dc4f2697e9c3>@@@?$__crt_seh_guarded_call@X@@QEAAX$$QEAV<lambda_99476a1ad63dd22509b5d3e65b0ffc95>@@AEAV<lambda_ad1ced32f4ac17aa236e5ef05d6b3b7c>@@$$QEAV<lambda_f7424dd8d45958661754dc4f2697e9c3>@@@Z 0000000180005894 f i libucrt:mbctype.obj
 0001:00004f90       __acrt_initialize_multibyte 0000000180005f90 f   libucrt:mbctype.obj
 0001:00004fb8       __acrt_update_thread_multibyte_data 0000000180005fb8 f   libucrt:mbctype.obj
 0001:00005078       _setmbcp_nolock            0000000180006078 f   libucrt:mbctype.obj
 0001:00005398       _ismbblead                 0000000180006398 f   libucrt:ismbbyte.obj
 0001:000053ac       __acrt_initialize_command_line 00000001800063ac f   libucrt:argv_data.obj
 0001:000053d4       __dcrt_get_narrow_environment_from_os 00000001800063d4 f   libucrt:get_environment_from_os.obj
 0001:000054d8       _recalloc                  00000001800064d8 f   libucrt:recalloc.obj
 0001:000054e0       _recalloc_base             00000001800064e0 f   libucrt:recalloc.obj
 0001:00005578       __acrt_initialize_heap     0000000180006578 f   libucrt:heap_handle.obj
 0001:00005594       __acrt_uninitialize_heap   0000000180006594 f   libucrt:heap_handle.obj
 0001:00005788       __acrt_initialize_lowio    0000000180006788 f   libucrt:ioinit.obj
 0001:000057c4       __acrt_uninitialize_lowio  00000001800067c4 f   libucrt:ioinit.obj
 0001:00005804       __acrt_execute_initializers 0000000180006804 f   libucrt:shared_initialization.obj
 0001:00005898       __acrt_execute_uninitializers 0000000180006898 f   libucrt:shared_initialization.obj
 0001:000058e8       __acrt_initialize_new_handler 00000001800068e8 f   libucrt:new_handler.obj
 0001:000058f0       _callnewh                  00000001800068f0 f   libucrt:new_handler.obj
 0001:00005930       _query_new_handler         0000000180006930 f   libucrt:new_handler.obj
 0001:00005964       ??$?RV<lambda_c36588078e9f5dfd39652860aa6b3aaf>@@AEAV<lambda_ec61778202f4f5fc7e7711acc23c3bca>@@V<lambda_dc9d2797ccde5d239b4a0efae8ebd7db>@@@?$__crt_seh_guarded_call@P6AXH@Z@@QEAAP6AXH@Z$$QEAV<lambda_c36588078e9f5dfd39652860aa6b3aaf>@@AEAV<lambda_ec61778202f4f5fc7e7711acc23c3bca>@@$$QEAV<lambda_dc9d2797ccde5d239b4a0efae8ebd7db>@@@Z 0000000180006964 f i libucrt:signal.obj
 0001:000059ac       __acrt_get_sigabrt_handler 00000001800069ac f   libucrt:signal.obj
 0001:000059dc       __acrt_initialize_signal_handlers 00000001800069dc f   libucrt:signal.obj
 0001:000059fc       raise                      00000001800069fc f   libucrt:signal.obj
 0001:00005c98       __acrt_has_user_matherr    0000000180006c98 f   libucrt:matherr.obj
 0001:00005cb8       __acrt_initialize_user_matherr 0000000180006cb8 f   libucrt:matherr.obj
 0001:00005cc0       __acrt_invoke_user_matherr 0000000180006cc0 f   libucrt:matherr.obj
 0001:00005d08       _query_new_mode            0000000180006d08 f   libucrt:new_mode.obj
 0001:00005d10       _mbtowc_l                  0000000180006d10 f   libucrt:mbtowc.obj
 0001:00005e58       mbtowc                     0000000180006e58 f   libucrt:mbtowc.obj
 0001:00005e60       _fileno                    0000000180006e60 f   libucrt:fileno.obj
 0001:00005e88       __acrt_initialize_stdio    0000000180006e88 f   libucrt:_file.obj
 0001:00005fa8       __acrt_uninitialize_stdio  0000000180006fa8 f   libucrt:_file.obj
 0001:00006004       _lock_file                 0000000180007004 f   libucrt:_file.obj
 0001:00006010       _unlock_file               0000000180007010 f   libucrt:_file.obj
 0001:0000601c       __pctype_func              000000018000701c f   libucrt:ctype.obj
 0001:0000604c       _isctype_l                 000000018000704c f   libucrt:isctype.obj
 0001:0000615c       _isleadbyte_l              000000018000715c f i libucrt:_wctype.obj
 0001:000064f8       __acrt_LCMapStringA        00000001800074f8 f   libucrt:lcmapstringa.obj
 0001:00006590       __acrt_add_locale_ref      0000000180007590 f   libucrt:locale_refcounting.obj
 0001:0000661c       __acrt_free_locale         000000018000761c f   libucrt:locale_refcounting.obj
 0001:00006794       __acrt_locale_add_lc_time_reference 0000000180007794 f   libucrt:locale_refcounting.obj
 0001:000067bc       __acrt_locale_free_lc_time_if_unreferenced 00000001800077bc f   libucrt:locale_refcounting.obj
 0001:000067f4       __acrt_locale_release_lc_time_reference 00000001800077f4 f   libucrt:locale_refcounting.obj
 0001:0000681c       __acrt_release_locale_ref  000000018000781c f   libucrt:locale_refcounting.obj
 0001:000068c4       __acrt_update_thread_locale_data 00000001800078c4 f   libucrt:locale_refcounting.obj
 0001:00006934       _updatetlocinfoEx_nolock   0000000180007934 f   libucrt:locale_refcounting.obj
 0001:0000699c       __acrt_locale_free_monetary 000000018000799c f   libucrt:initmon.obj
 0001:00006aa8       __acrt_locale_free_numeric 0000000180007aa8 f   libucrt:initnum.obj
 0001:00006b6c       __acrt_locale_free_time    0000000180007b6c f   libucrt:inittime.obj
 0001:00006c74       __acrt_GetStringTypeA      0000000180007c74 f   libucrt:getstringtypea.obj
 0001:00006ef0       __acrt_DownlevelLocaleNameToLCID 0000000180007ef0 f   libucrt:lcidtoname_downlevel.obj
 0001:00007000       qsort                      0000000180008000 f   libucrt:qsort.obj
 0001:00007334       strncpy_s                  0000000180008334 f   libucrt:strncpy_s.obj
 0001:00007408       strpbrk                    0000000180008408 f   libucrt:strpbrk.obj
 0001:000074a8       _mbsdec                    00000001800084a8 f   libucrt:mbsdec.obj
 0001:000074b0       _mbsdec_l                  00000001800084b0 f   libucrt:mbsdec.obj
 0001:00007560       _msize                     0000000180008560 f   libucrt:msize.obj
 0001:0000759c       _realloc_base              000000018000859c f   libucrt:realloc_base.obj
 0001:00007620       __acrt_lowio_create_handle_array 0000000180008620 f   libucrt:osfinfo.obj
 0001:000076b8       __acrt_lowio_destroy_handle_array 00000001800086b8 f   libucrt:osfinfo.obj
 0001:00007708       __acrt_lowio_ensure_fh_exists 0000000180008708 f   libucrt:osfinfo.obj
 0001:000077c0       __acrt_lowio_lock_fh       00000001800087c0 f   libucrt:osfinfo.obj
 0001:000077e4       __acrt_lowio_unlock_fh     00000001800087e4 f   libucrt:osfinfo.obj
 0001:00007808       _free_osfhnd               0000000180008808 f   libucrt:osfinfo.obj
 0001:000078c4       _get_osfhandle             00000001800088c4 f   libucrt:osfinfo.obj
 0001:0000793c       _isatty                    000000018000893c f   libucrt:isatty.obj
 0001:0000799c       __acrt_stdio_flush_nolock  000000018000899c f   libucrt:fflush.obj
 0001:00007a14       _fflush_nolock             0000000180008a14 f   libucrt:fflush.obj
 0001:00007a60       _flushall                  0000000180008a60 f   libucrt:fflush.obj
 0001:00007b50       _fcloseall                 0000000180008b50 f   libucrt:closeall.obj
 0001:00007c04       __acrt_stdio_free_buffer_nolock 0000000180008c04 f   libucrt:_freebuf.obj
 0001:00007c44       __strncnt                  0000000180008c44 f   libucrt:strncnt.obj
 0001:00007c5c       _query_app_type            0000000180008c5c f   libucrt:report_runtime_error.obj
 0001:00007c64       ??$?RV<lambda_b521505b218e5242e90febf6bfebc422>@@AEAV<lambda_6978c1fb23f02e42e1d9e99668cc68aa>@@V<lambda_314360699dd331753a4119843814e9a7>@@@?$__crt_seh_guarded_call@H@@QEAAH$$QEAV<lambda_b521505b218e5242e90febf6bfebc422>@@AEAV<lambda_6978c1fb23f02e42e1d9e99668cc68aa>@@$$QEAV<lambda_314360699dd331753a4119843814e9a7>@@@Z 0000000180008c64 f i libucrt:commit.obj
 0001:00007cf0       _commit                    0000000180008cf0 f   libucrt:commit.obj
 0001:00008324       _write                     0000000180009324 f   libucrt:write.obj
 0001:00008410       _write_nolock              0000000180009410 f   libucrt:write.obj
 0001:00008700       log10                      0000000180009700 f   libucrt:log10.obj
 0001:00008d48       _lseeki64_nolock           0000000180009d48 f   libucrt:lseek.obj
 0001:00008d50       _fclose_nolock             0000000180009d50 f   libucrt:fclose.obj
 0001:00008dd4       fclose                     0000000180009dd4 f   libucrt:fclose.obj
 0001:00008e40       _putwch_nolock             0000000180009e40 f   libucrt:putwch.obj
 0001:00008fc0       _handle_error              0000000180009fc0 f   libucrt:libm_error.obj
 0001:000090f0       __acrt_initialize_fma3     000000018000a0f0 f   libucrt:fma3_available.obj
 0001:00009160       _log10_special             000000018000a160 f   libucrt:log_special.obj
 0001:00009218       ??$?RV<lambda_bfedae4ebbf01fab1bb6dcc6a9e276e0>@@AEAV<lambda_2fe9b910cf3cbf4a0ab98a02ba45b3ec>@@V<lambda_237c231691f317818eb88cc1d5d642d6>@@@?$__crt_seh_guarded_call@H@@QEAAH$$QEAV<lambda_bfedae4ebbf01fab1bb6dcc6a9e276e0>@@AEAV<lambda_2fe9b910cf3cbf4a0ab98a02ba45b3ec>@@$$QEAV<lambda_237c231691f317818eb88cc1d5d642d6>@@@Z 000000018000a218 f i libucrt:close.obj
 0001:0000928c       _close                     000000018000a28c f   libucrt:close.obj
 0001:00009330       _close_nolock              000000018000a330 f   libucrt:close.obj
 0001:000093ec       ?__acrt_stdio_free_stream@@YAXV__crt_stdio_stream@@@Z 000000018000a3ec f   libucrt:stream.obj
 0001:00009430       __dcrt_lowio_initialize_console_output 000000018000a430 f   libucrt:initcon.obj
 0001:0000946c       __dcrt_terminate_console_output 000000018000a46c f   libucrt:initcon.obj
 0001:000094a0       _get_fpsr                  000000018000a4a0 f   libucrt:fpsr.obj
 0001:000094b0       _set_fpsr                  000000018000a4b0 f   libucrt:fpsr.obj
 0001:000094ba       _fclrf                     000000018000a4ba f   libucrt:fpsr.obj
 0001:000094ce       _frnd                      000000018000a4ce f   libucrt:fpsr.obj
 0001:000094f0       _raise_exc                 000000018000a4f0 f   libucrt:fpexcept.obj
 0001:00009518       _raise_exc_ex              000000018000a518 f   libucrt:fpexcept.obj
 0001:00009820       _set_errno_from_matherr    000000018000a820 f   libucrt:fpexcept.obj
 0001:00009850       _clrfp                     000000018000a850 f   libucrt:fpctrl.obj
 0001:00009870       _ctrlfp                    000000018000a870 f   libucrt:fpctrl.obj
 0001:000098ec       _set_statfp                000000018000a8ec f   libucrt:fpctrl.obj
 0001:0000990c       _statfp                    000000018000a90c f   libucrt:fpctrl.obj
 0001:0000991e       IsProcessorFeaturePresent  000000018000a91e f   kernel32:KERNEL32.dll
 0001:00009924       RtlUnwindEx                000000018000a924 f   kernel32:KERNEL32.dll
 0001:0000992c       ?DloadAcquireSectionWriteAccess@@YAXXZ 000000018000a92c f i DelayImp:delayhlp.obj
 0001:000099e8       ?DloadGetSRWLockFunctionPointers@@YAEXZ 000000018000a9e8 f i DelayImp:delayhlp.obj
 0001:00009a84       ?DloadMakePermanentImageCommit@@YAXPEAX_K@Z 000000018000aa84 f i DelayImp:delayhlp.obj
 0001:00009b1c       ?DloadObtainSection@@YAPEAXPEAK0@Z 000000018000ab1c f i DelayImp:delayhlp.obj
 0001:00009bb4       ?DloadProtectSection@@YAXKPEAK@Z 000000018000abb4 f i DelayImp:delayhlp.obj
 0001:00009c44       ?DloadReleaseSectionWriteAccess@@YAXXZ 000000018000ac44 f i DelayImp:delayhlp.obj
 0001:00009ce8       __delayLoadHelper2         000000018000ace8 f   DelayImp:delayhlp.obj
 0001:00009ff0       _FindPESection             000000018000aff0 f   LIBCMT:pesect.obj
 0001:0000a040       _IsNonwritableInCurrentImage 000000018000b040 f   LIBCMT:pesect.obj
 0001:0000a090       _ValidateImageBase         000000018000b090 f   LIBCMT:pesect.obj
 0001:0000a0c0       __GSHandlerCheck           000000018000b0c0 f   LIBCMT:_gshandler_.obj
 0001:0000a0e0       __GSHandlerCheckCommon     000000018000b0e0 f   LIBCMT:_gshandler_.obj
 0001:0000a150       _alloca_probe              000000018000b150 f   LIBCMT:_chkstk_.obj
 0001:0000a150       __chkstk                   000000018000b150 f   LIBCMT:_chkstk_.obj
 0001:0000a1c0       memmove                    000000018000b1c0 f   libvcruntime:memcpy.obj
 0001:0000a1c0       memcpy                     000000018000b1c0 f   libvcruntime:memcpy.obj
 0001:0000a610       memcmp                     000000018000b610 f   libvcruntime:memcmp.obj
 0001:0000a6f0       _guard_dispatch_icall_nop  000000018000b6f0 f   LIBCMT:_guard_dispatch_.obj
 0002:00000000       __imp_GetModuleHandleA     000000018000c000     kernel32:KERNEL32.dll
 0002:00000008       __imp_RtlCaptureContext    000000018000c008     kernel32:KERNEL32.dll
 0002:00000010       __imp_RtlLookupFunctionEntry 000000018000c010     kernel32:KERNEL32.dll
 0002:00000018       __imp_RtlVirtualUnwind     000000018000c018     kernel32:KERNEL32.dll
 0002:00000020       __imp_UnhandledExceptionFilter 000000018000c020     kernel32:KERNEL32.dll
 0002:00000028       __imp_SetUnhandledExceptionFilter 000000018000c028     kernel32:KERNEL32.dll
 0002:00000030       __imp_GetCurrentProcess    000000018000c030     kernel32:KERNEL32.dll
 0002:00000038       __imp_TerminateProcess     000000018000c038     kernel32:KERNEL32.dll
 0002:00000040       __imp_IsProcessorFeaturePresent 000000018000c040     kernel32:KERNEL32.dll
 0002:00000048       __imp_QueryPerformanceCounter 000000018000c048     kernel32:KERNEL32.dll
 0002:00000050       __imp_GetCurrentProcessId  000000018000c050     kernel32:KERNEL32.dll
 0002:00000058       __imp_GetCurrentThreadId   000000018000c058     kernel32:KERNEL32.dll
 0002:00000060       __imp_GetSystemTimeAsFileTime 000000018000c060     kernel32:KERNEL32.dll
 0002:00000068       __imp_InitializeSListHead  000000018000c068     kernel32:KERNEL32.dll
 0002:00000070       __imp_IsDebuggerPresent    000000018000c070     kernel32:KERNEL32.dll
 0002:00000078       __imp_GetStartupInfoW      000000018000c078     kernel32:KERNEL32.dll
 0002:00000080       __imp_GetModuleHandleW     000000018000c080     kernel32:KERNEL32.dll
 0002:00000088       __imp_RtlUnwindEx          000000018000c088     kernel32:KERNEL32.dll
 0002:00000090       __imp_InterlockedFlushSList 000000018000c090     kernel32:KERNEL32.dll
 0002:00000098       __imp_GetLastError         000000018000c098     kernel32:KERNEL32.dll
 0002:000000a0       __imp_SetLastError         000000018000c0a0     kernel32:KERNEL32.dll
 0002:000000a8       __imp_EnterCriticalSection 000000018000c0a8     kernel32:KERNEL32.dll
 0002:000000b0       __imp_LeaveCriticalSection 000000018000c0b0     kernel32:KERNEL32.dll
 0002:000000b8       __imp_DeleteCriticalSection 000000018000c0b8     kernel32:KERNEL32.dll
 0002:000000c0       __imp_InitializeCriticalSectionAndSpinCount 000000018000c0c0     kernel32:KERNEL32.dll
 0002:000000c8       __imp_TlsAlloc             000000018000c0c8     kernel32:KERNEL32.dll
 0002:000000d0       __imp_TlsGetValue          000000018000c0d0     kernel32:KERNEL32.dll
 0002:000000d8       __imp_TlsSetValue          000000018000c0d8     kernel32:KERNEL32.dll
 0002:000000e0       __imp_TlsFree              000000018000c0e0     kernel32:KERNEL32.dll
 0002:000000e8       __imp_FreeLibrary          000000018000c0e8     kernel32:KERNEL32.dll
 0002:000000f0       __imp_GetProcAddress       000000018000c0f0     kernel32:KERNEL32.dll
 0002:000000f8       __imp_LoadLibraryExW       000000018000c0f8     kernel32:KERNEL32.dll
 0002:00000100       __imp_ExitProcess          000000018000c100     kernel32:KERNEL32.dll
 0002:00000108       __imp_GetModuleHandleExW   000000018000c108     kernel32:KERNEL32.dll
 0002:00000110       __imp_GetModuleFileNameA   000000018000c110     kernel32:KERNEL32.dll
 0002:00000118       __imp_MultiByteToWideChar  000000018000c118     kernel32:KERNEL32.dll
 0002:00000120       __imp_WideCharToMultiByte  000000018000c120     kernel32:KERNEL32.dll
 0002:00000128       __imp_HeapFree             000000018000c128     kernel32:KERNEL32.dll
 0002:00000130       __imp_HeapAlloc            000000018000c130     kernel32:KERNEL32.dll
 0002:00000138       __imp_GetACP               000000018000c138     kernel32:KERNEL32.dll
 0002:00000140       __imp_LCMapStringW         000000018000c140     kernel32:KERNEL32.dll
 0002:00000148       __imp_FindClose            000000018000c148     kernel32:KERNEL32.dll
 0002:00000150       __imp_FindFirstFileExA     000000018000c150     kernel32:KERNEL32.dll
 0002:00000158       __imp_FindNextFileA        000000018000c158     kernel32:KERNEL32.dll
 0002:00000160       __imp_IsValidCodePage      000000018000c160     kernel32:KERNEL32.dll
 0002:00000168       __imp_GetOEMCP             000000018000c168     kernel32:KERNEL32.dll
 0002:00000170       __imp_GetCPInfo            000000018000c170     kernel32:KERNEL32.dll
 0002:00000178       __imp_GetCommandLineA      000000018000c178     kernel32:KERNEL32.dll
 0002:00000180       __imp_GetCommandLineW      000000018000c180     kernel32:KERNEL32.dll
 0002:00000188       __imp_GetEnvironmentStringsW 000000018000c188     kernel32:KERNEL32.dll
 0002:00000190       __imp_FreeEnvironmentStringsW 000000018000c190     kernel32:KERNEL32.dll
 0002:00000198       __imp_GetProcessHeap       000000018000c198     kernel32:KERNEL32.dll
 0002:000001a0       __imp_GetStdHandle         000000018000c1a0     kernel32:KERNEL32.dll
 0002:000001a8       __imp_GetFileType          000000018000c1a8     kernel32:KERNEL32.dll
 0002:000001b0       __imp_GetStringTypeW       000000018000c1b0     kernel32:KERNEL32.dll
 0002:000001b8       __imp_HeapSize             000000018000c1b8     kernel32:KERNEL32.dll
 0002:000001c0       __imp_HeapReAlloc          000000018000c1c0     kernel32:KERNEL32.dll
 0002:000001c8       __imp_SetStdHandle         000000018000c1c8     kernel32:KERNEL32.dll
 0002:000001d0       __imp_WriteFile            000000018000c1d0     kernel32:KERNEL32.dll
 0002:000001d8       __imp_FlushFileBuffers     000000018000c1d8     kernel32:KERNEL32.dll
 0002:000001e0       __imp_GetConsoleCP         000000018000c1e0     kernel32:KERNEL32.dll
 0002:000001e8       __imp_GetConsoleMode       000000018000c1e8     kernel32:KERNEL32.dll
 0002:000001f0       __imp_SetFilePointerEx     000000018000c1f0     kernel32:KERNEL32.dll
 0002:000001f8       __imp_CloseHandle          000000018000c1f8     kernel32:KERNEL32.dll
 0002:00000200       __imp_WriteConsoleW        000000018000c200     kernel32:KERNEL32.dll
 0002:00000208       __imp_CreateFileW          000000018000c208     kernel32:KERNEL32.dll
 0002:00000210       __imp_RaiseException       000000018000c210     kernel32:KERNEL32.dll
 0002:00000218       __imp_GetSystemInfo        000000018000c218     kernel32:KERNEL32.dll
 0002:00000220       __imp_VirtualProtect       000000018000c220     kernel32:KERNEL32.dll
 0002:00000228       __imp_VirtualQuery         000000018000c228     kernel32:KERNEL32.dll
 0002:00000230       __imp_LoadLibraryExA       000000018000c230     kernel32:KERNEL32.dll
 0002:00000238       \177KERNEL32_NULL_THUNK_DATA 000000018000c238     kernel32:KERNEL32.dll
 0002:00000240       __guard_check_icall_fptr   000000018000c240     LIBCMT:guard_support.obj
 0002:00000248       __guard_dispatch_icall_fptr 000000018000c248     LIBCMT:guard_support.obj
 0002:00000250       __xc_a                     000000018000c250     LIBCMT:initializers.obj
 0002:00000258       _register_binding_         000000018000c258     binding.obj
 0002:00000260       __xc_z                     000000018000c260     LIBCMT:initializers.obj
 0002:00000268       __xi_a                     000000018000c268     LIBCMT:initializers.obj
 0002:00000270       __acrt_multibyte_initializer 000000018000c270     libucrt:multibyte_initializer.obj
 0002:00000278       __acrt_stdio_initializer   000000018000c278     libucrt:stdio_initializer.obj
 0002:00000280       __acrt_tran_fma3_initializer 000000018000c280     libucrt:fma3_initializer.obj
 0002:00000288       __xi_z                     000000018000c288     LIBCMT:initializers.obj
 0002:00000290       __xp_a                     000000018000c290     LIBCMT:initializers.obj
 0002:00000298       __acrt_locale_terminator   000000018000c298     libucrt:locale_initializer.obj
 0002:000002a0       __dcrt_console_output_terminator 000000018000c2a0     libucrt:console_output_initializer.obj
 0002:000002a8       __acrt_stdio_terminator    000000018000c2a8     libucrt:stdio_initializer.obj
 0002:000002b0       __xp_z                     000000018000c2b0     LIBCMT:initializers.obj
 0002:000002b8       __xt_a                     000000018000c2b8     LIBCMT:initializers.obj
 0002:000002c0       __xt_z                     000000018000c2c0     LIBCMT:initializers.obj
 0002:000002d0       __sz_node_exe              000000018000c2d0     node:node.exe
 0002:000002e0       _pDefaultRawDllMain        000000018000c2e0     LIBCMT:dll_dllmain.obj
 0002:000002e0       _pRawDllMain               000000018000c2e0     LIBCMT:dll_dllmain.obj
 0002:00000318       ??_C@_1BC@DNHGCMLG@?$AAa?$AAd?$AAv?$AAa?$AAp?$AAi?$AA3?$AA2?$AA?$AA@ 000000018000c318     libvcruntime:winapi_downlevel.obj
 0002:00000330       ??_C@_1DM@KHCHBNEB@?$AAa?$AAp?$AAi?$AA?9?$AAm?$AAs?$AA?9?$AAw?$AAi?$AAn?$AA?9?$AAc?$AAo?$AAr?$AAe?$AA?9?$AAf?$AAi?$AAb?$AAe?$AAr?$AAs?$AA?9?$AAl?$AA1?$AA?9?$AA1?$AA?9?$AA1?$AA?$AA@ 000000018000c330     libvcruntime:winapi_downlevel.obj
 0002:00000370       ??_C@_1DK@LPPGFMPP@?$AAa?$AAp?$AAi?$AA?9?$AAm?$AAs?$AA?9?$AAw?$AAi?$AAn?$AA?9?$AAc?$AAo?$AAr?$AAe?$AA?9?$AAs?$AAy?$AAn?$AAc?$AAh?$AA?9?$AAl?$AA1?$AA?9?$AA2?$AA?9?$AA0?$AA?$AA@ 000000018000c370     libvcruntime:winapi_downlevel.obj
 0002:000003b0       ??_C@_1BC@GDMECMAK@?$AAk?$AAe?$AAr?$AAn?$AAe?$AAl?$AA3?$AA2?$AA?$AA@ 000000018000c3b0     libvcruntime:winapi_downlevel.obj
 0002:000003d0       ??_C@_08KNHFBNJ@FlsAlloc?$AA@ 000000018000c3d0     libvcruntime:winapi_downlevel.obj
 0002:000003e8       ??_C@_07PEJMOBNF@FlsFree?$AA@ 000000018000c3e8     libvcruntime:winapi_downlevel.obj
 0002:000003f8       ??_C@_0M@GDNOONDI@FlsGetValue?$AA@ 000000018000c3f8     libvcruntime:winapi_downlevel.obj
 0002:00000410       ??_C@_0M@JCPCPOEF@FlsSetValue?$AA@ 000000018000c410     libvcruntime:winapi_downlevel.obj
 0002:00000428       ??_C@_0BM@HCFOFFN@InitializeCriticalSectionEx?$AA@ 000000018000c428     libvcruntime:winapi_downlevel.obj
 0002:00000770       ??_C@_08EHJDFFNH@__based?$CI?$AA@ 000000018000c770     libvcruntime:undname.obj
 0002:00000780       ??_C@_07KOLFKCDI@__cdecl?$AA@ 000000018000c780     libvcruntime:undname.obj
 0002:00000788       ??_C@_08GHMPAG@__pascal?$AA@ 000000018000c788     libvcruntime:undname.obj
 0002:00000798       ??_C@_09IFJBGAPI@__stdcall?$AA@ 000000018000c798     libvcruntime:undname.obj
 0002:000007a8       ??_C@_0L@NPHFGOKO@__thiscall?$AA@ 000000018000c7a8     libvcruntime:undname.obj
 0002:000007b8       ??_C@_0L@JMKHOMEK@__fastcall?$AA@ 000000018000c7b8     libvcruntime:undname.obj
 0002:000007c8       ??_C@_0N@BCKKPABJ@__vectorcall?$AA@ 000000018000c7c8     libvcruntime:undname.obj
 0002:000007d8       ??_C@_09HIJEGCPM@__clrcall?$AA@ 000000018000c7d8     libvcruntime:undname.obj
 0002:000007e4       ??_C@_06GHPCKEAG@__eabi?$AA@ 000000018000c7e4     libvcruntime:undname.obj
 0002:000007f0       ??_C@_07JOMMBBKO@__ptr64?$AA@ 000000018000c7f0     libvcruntime:undname.obj
 0002:000007f8       ??_C@_0L@PILCLIHE@__restrict?$AA@ 000000018000c7f8     libvcruntime:undname.obj
 0002:00000808       ??_C@_0M@GFIIJFMG@__unaligned?$AA@ 000000018000c808     libvcruntime:undname.obj
 0002:00000818       ??_C@_09DHDLOLLB@restrict?$CI?$AA@ 000000018000c818     libvcruntime:undname.obj
 0002:00000822       ??_C@_00CNPNBAHC@?$AA@     000000018000c822     libvcruntime:undname.obj
 0002:00000824       ??_C@_04NIHEBCM@?5new?$AA@ 000000018000c824     libvcruntime:undname.obj
 0002:00000830       ??_C@_07FPCDHGMM@?5delete?$AA@ 000000018000c830     libvcruntime:undname.obj
 0002:00000838       ??_C@_01NEMOKFLO@?$DN?$AA@ 000000018000c838     libvcruntime:undname.obj
 0002:0000083c       ??_C@_02GPIOPFAK@?$DO?$DO?$AA@ 000000018000c83c     libvcruntime:undname.obj
 0002:00000840       ??_C@_02FODMEDOG@?$DM?$DM?$AA@ 000000018000c840     libvcruntime:undname.obj
 0002:00000844       ??_C@_01DCLJPIOD@?$CB?$AA@ 000000018000c844     libvcruntime:undname.obj
 0002:00000848       ??_C@_02EGOFBIJA@?$DN?$DN?$AA@ 000000018000c848     libvcruntime:undname.obj
 0002:0000084c       ??_C@_02FDNJECIE@?$CB?$DN?$AA@ 000000018000c84c     libvcruntime:undname.obj
 0002:00000850       ??_C@_02GPECMEKF@?$FL?$FN?$AA@ 000000018000c850     libvcruntime:undname.obj
 0002:00000858       ??_C@_08LHJFAFGD@operator?$AA@ 000000018000c858     libvcruntime:undname.obj
 0002:00000864       ??_C@_02HBOOOICD@?9?$DO?$AA@ 000000018000c864     libvcruntime:undname.obj
 0002:00000868       ??_C@_01NBENCBCI@?$CK?$AA@ 000000018000c868     libvcruntime:undname.obj
 0002:0000086c       ??_C@_02ECNGHCIF@?$CL?$CL?$AA@ 000000018000c86c     libvcruntime:undname.obj
 0002:00000870       ??_C@_02BAABKJLB@?9?9?$AA@ 000000018000c870     libvcruntime:undname.obj
 0002:00000874       ??_C@_01JOAMLHOP@?9?$AA@   000000018000c874     libvcruntime:undname.obj
 0002:00000878       ??_C@_01MIFGBAGJ@?$CL?$AA@ 000000018000c878     libvcruntime:undname.obj
 0002:0000087c       ??_C@_01HNPIGOCE@?$CG?$AA@ 000000018000c87c     libvcruntime:undname.obj
 0002:00000880       ??_C@_03MNHNFDLC@?9?$DO?$CK?$AA@ 000000018000c880     libvcruntime:undname.obj
 0002:00000884       ??_C@_01KMDKNFGN@?1?$AA@   000000018000c884     libvcruntime:undname.obj
 0002:00000888       ??_C@_01FGNFDNOH@?$CF?$AA@ 000000018000c888     libvcruntime:undname.obj
 0002:0000088c       ??_C@_01MNNFJEPP@?$DM?$AA@ 000000018000c88c     libvcruntime:undname.obj
 0002:00000890       ??_C@_02EHCHHCKH@?$DM?$DN?$AA@ 000000018000c890     libvcruntime:undname.obj
 0002:00000894       ??_C@_01PPODPGHN@?$DO?$AA@ 000000018000c894     libvcruntime:undname.obj
 0002:00000898       ??_C@_02EEKDKGMJ@?$DO?$DN?$AA@ 000000018000c898     libvcruntime:undname.obj
 0002:0000089c       ??_C@_01IHBHIGKO@?0?$AA@   000000018000c89c     libvcruntime:undname.obj
 0002:000008a0       ??_C@_02HCKGKOFO@?$CI?$CJ?$AA@ 000000018000c8a0     libvcruntime:undname.obj
 0002:000008a4       ??_C@_01PJKLJHI@?$HO?$AA@  000000018000c8a4     libvcruntime:undname.obj
 0002:000008a8       ??_C@_01JKBOJNNK@?$FO?$AA@ 000000018000c8a8     libvcruntime:undname.obj
 0002:000008ac       ??_C@_01DNKMNLPK@?$HM?$AA@ 000000018000c8ac     libvcruntime:undname.obj
 0002:000008b0       ??_C@_02PPKAJPJL@?$CG?$CG?$AA@ 000000018000c8b0     libvcruntime:undname.obj
 0002:000008b4       ??_C@_02NONPIBCD@?$HM?$HM?$AA@ 000000018000c8b4     libvcruntime:undname.obj
 0002:000008b8       ??_C@_02FPIMKNGF@?$CK?$DN?$AA@ 000000018000c8b8     libvcruntime:undname.obj
 0002:000008bc       ??_C@_02FOEOMHFC@?$CL?$DN?$AA@ 000000018000c8bc     libvcruntime:undname.obj
 0002:000008c0       ??_C@_02FKMDLLOA@?9?$DN?$AA@ 000000018000c8c0     libvcruntime:undname.obj
 0002:000008c4       ??_C@_02FJEHGPIO@?1?$DN?$AA@ 000000018000c8c4     libvcruntime:undname.obj
 0002:000008c8       ??_C@_02FENAOKFI@?$CF?$DN?$AA@ 000000018000c8c8     libvcruntime:undname.obj
 0002:000008cc       ??_C@_03IKFCCPFF@?$DO?$DO?$DN?$AA@ 000000018000c8cc     libvcruntime:undname.obj
 0002:000008d0       ??_C@_03CDNPDDLA@?$DM?$DM?$DN?$AA@ 000000018000c8d0     libvcruntime:undname.obj
 0002:000008d4       ??_C@_02FGJGFEAB@?$CG?$DN?$AA@ 000000018000c8d4     libvcruntime:undname.obj
 0002:000008d8       ??_C@_02DHLNPPGH@?$HM?$DN?$AA@ 000000018000c8d8     libvcruntime:undname.obj
 0002:000008dc       ??_C@_02MHEGNOJ@?$FO?$DN?$AA@ 000000018000c8dc     libvcruntime:undname.obj
 0002:000008e0       ??_C@_09IFPLHPGF@?$GAvftable?8?$AA@ 000000018000c8e0     libvcruntime:undname.obj
 0002:000008f0       ??_C@_09BLBHBJP@?$GAvbtable?8?$AA@ 000000018000c8f0     libvcruntime:undname.obj
 0002:00000900       ??_C@_07FEEIOKP@?$GAvcall?8?$AA@ 000000018000c900     libvcruntime:undname.obj
 0002:00000908       ??_C@_08LLFFHHDJ@?$GAtypeof?8?$AA@ 000000018000c908     libvcruntime:undname.obj
 0002:00000918       ??_C@_0BF@KDPPACIK@?$GAlocal?5static?5guard?8?$AA@ 000000018000c918     libvcruntime:undname.obj
 0002:00000930       ??_C@_08OBABFOLI@?$GAstring?8?$AA@ 000000018000c930     libvcruntime:undname.obj
 0002:00000940       ??_C@_0BD@JDLKDPAB@?$GAvbase?5destructor?8?$AA@ 000000018000c940     libvcruntime:undname.obj
 0002:00000958       ??_C@_0BN@DEGPLNFK@?$GAvector?5deleting?5destructor?8?$AA@ 000000018000c958     libvcruntime:undname.obj
 0002:00000978       ??_C@_0BO@OBMKPJIG@?$GAdefault?5constructor?5closure?8?$AA@ 000000018000c978     libvcruntime:undname.obj
 0002:00000998       ??_C@_0BN@IMDCHIKM@?$GAscalar?5deleting?5destructor?8?$AA@ 000000018000c998     libvcruntime:undname.obj
 0002:000009b8       ??_C@_0BO@PFGOCPJJ@?$GAvector?5constructor?5iterator?8?$AA@ 000000018000c9b8     libvcruntime:undname.obj
 0002:000009d8       ??_C@_0BN@LFPFMEDL@?$GAvector?5destructor?5iterator?8?$AA@ 000000018000c9d8     libvcruntime:undname.obj
 0002:000009f8       ??_C@_0CE@IKBNEHA@?$GAvector?5vbase?5constructor?5iterat@ 000000018000c9f8     libvcruntime:undname.obj
 0002:00000a20       ??_C@_0BL@NILFHHPC@?$GAvirtual?5displacement?5map?8?$AA@ 000000018000ca20     libvcruntime:undname.obj
 0002:00000a40       ??_C@_0CB@JONCMFFK@?$GAeh?5vector?5constructor?5iterator?8@ 000000018000ca40     libvcruntime:undname.obj
 0002:00000a68       ??_C@_0CA@GCEOPDGL@?$GAeh?5vector?5destructor?5iterator?8?$AA@ 000000018000ca68     libvcruntime:undname.obj
 0002:00000a88       ??_C@_0CH@OOJPLCPH@?$GAeh?5vector?5vbase?5constructor?5ite@ 000000018000ca88     libvcruntime:undname.obj
 0002:00000ab0       ??_C@_0BL@LLKPOHJI@?$GAcopy?5constructor?5closure?8?$AA@ 000000018000cab0     libvcruntime:undname.obj
 0002:00000ad0       ??_C@_0BA@KBCDOMBN@?$GAudt?5returning?8?$AA@ 000000018000cad0     libvcruntime:undname.obj
 0002:00000ae0       ??_C@_03KLGMFNMG@?$GAEH?$AA@ 000000018000cae0     libvcruntime:undname.obj
 0002:00000ae4       ??_C@_05KHLCHHI@?$GARTTI?$AA@ 000000018000cae4     libvcruntime:undname.obj
 0002:00000af0       ??_C@_0BA@KKLDJDLB@?$GAlocal?5vftable?8?$AA@ 000000018000caf0     libvcruntime:undname.obj
 0002:00000b00       ??_C@_0CE@IIHCMGGL@?$GAlocal?5vftable?5constructor?5closu@ 000000018000cb00     libvcruntime:undname.obj
 0002:00000b24       ??_C@_06FHBGPFGH@?5new?$FL?$FN?$AA@ 000000018000cb24     libvcruntime:undname.obj
 0002:00000b30       ??_C@_09LBNFPBCA@?5delete?$FL?$FN?$AA@ 000000018000cb30     libvcruntime:undname.obj
 0002:00000b40       ??_C@_0P@HJKNJFNN@?$GAomni?5callsig?8?$AA@ 000000018000cb40     libvcruntime:undname.obj
 0002:00000b50       ??_C@_0BL@CNOONJFP@?$GAplacement?5delete?5closure?8?$AA@ 000000018000cb50     libvcruntime:undname.obj
 0002:00000b70       ??_C@_0BN@CKNJLHMB@?$GAplacement?5delete?$FL?$FN?5closure?8?$AA@ 000000018000cb70     libvcruntime:undname.obj
 0002:00000b90       ??_C@_0CG@CFDHKGGD@?$GAmanaged?5vector?5constructor?5iter@ 000000018000cb90     libvcruntime:undname.obj
 0002:00000bb8       ??_C@_0CF@IMGKMJNO@?$GAmanaged?5vector?5destructor?5itera@ 000000018000cbb8     libvcruntime:undname.obj
 0002:00000be0       ??_C@_0CG@HLDDJMAG@?$GAeh?5vector?5copy?5constructor?5iter@ 000000018000cbe0     libvcruntime:undname.obj
 0002:00000c08       ??_C@_0CM@FCBBDIGB@?$GAeh?5vector?5vbase?5copy?5constructo@ 000000018000cc08     libvcruntime:undname.obj
 0002:00000c38       ??_C@_0BL@CLIPGLGB@?$GAdynamic?5initializer?5for?5?8?$AA@ 000000018000cc38     libvcruntime:undname.obj
 0002:00000c58       ??_C@_0CB@PDBIFEP@?$GAdynamic?5atexit?5destructor?5for?5?8@ 000000018000cc58     libvcruntime:undname.obj
 0002:00000c80       ??_C@_0CD@CGAJBKEJ@?$GAvector?5copy?5constructor?5iterato@ 000000018000cc80     libvcruntime:undname.obj
 0002:00000ca8       ??_C@_0CJ@GJELGAMM@?$GAvector?5vbase?5copy?5constructor?5i@ 000000018000cca8     libvcruntime:undname.obj
 0002:00000cd8       ??_C@_0CL@FGIJHLCE@?$GAmanaged?5vector?5copy?5constructor@ 000000018000ccd8     libvcruntime:undname.obj
 0002:00000d08       ??_C@_0BM@PMGGMLDN@?$GAlocal?5static?5thread?5guard?8?$AA@ 000000018000cd08     libvcruntime:undname.obj
 0002:00000d28       ??_C@_0N@BDNMDMOL@operator?5?$CC?$CC?5?$AA@ 000000018000cd28     libvcruntime:undname.obj
 0002:00000d38       ??_C@_0BC@DAFEJGAK@?5Type?5Descriptor?8?$AA@ 000000018000cd38     libvcruntime:undname.obj
 0002:00000d50       ??_C@_0BM@LDKODKLH@?5Base?5Class?5Descriptor?5at?5?$CI?$AA@ 000000018000cd50     libvcruntime:undname.obj
 0002:00000d70       ??_C@_0BD@LGICGFMM@?5Base?5Class?5Array?8?$AA@ 000000018000cd70     libvcruntime:undname.obj
 0002:00000d88       ??_C@_0BN@MECKDCOJ@?5Class?5Hierarchy?5Descriptor?8?$AA@ 000000018000cd88     libvcruntime:undname.obj
 0002:00000da8       ??_C@_0BK@CFCOFLF@?5Complete?5Object?5Locator?8?$AA@ 000000018000cda8     libvcruntime:undname.obj
 0002:00000dd0       __acrt_exception_action_table 000000018000cdd0     libucrt:exception_filter.obj
 0002:00000e90       __acrt_signal_action_table_count 000000018000ce90     libucrt:exception_filter.obj
 0002:00000e98       __acrt_signal_action_first_fpe_index 000000018000ce98     libucrt:exception_filter.obj
 0002:00000ea0       __acrt_signal_action_fpe_count 000000018000cea0     libucrt:exception_filter.obj
 0002:00000ea8       ??_C@_1BI@BGOHAHKC@?$AAm?$AAs?$AAc?$AAo?$AAr?$AAe?$AAe?$AA?4?$AAd?$AAl?$AAl?$AA?$AA@ 000000018000cea8     libucrt:exit.obj
 0002:00000ec0       ??_C@_0P@MIGLKIOC@CorExitProcess?$AA@ 000000018000cec0     libucrt:exit.obj
 0002:00001130       __lc_time_c                000000018000d130     libucrt:nlsdata.obj
 0002:000013f0       ??_C@_03KOEHGMDN@Sun?$AA@  000000018000d3f0     libucrt:nlsdata.obj
 0002:000013f4       ??_C@_03PDAGKDH@Mon?$AA@   000000018000d3f4     libucrt:nlsdata.obj
 0002:000013f8       ??_C@_03NAGEINEP@Tue?$AA@  000000018000d3f8     libucrt:nlsdata.obj
 0002:000013fc       ??_C@_03MHOMLAJA@Wed?$AA@  000000018000d3fc     libucrt:nlsdata.obj
 0002:00001400       ??_C@_03IOFIKPDN@Thu?$AA@  000000018000d400     libucrt:nlsdata.obj
 0002:00001404       ??_C@_03IDIOELNC@Fri?$AA@  000000018000d404     libucrt:nlsdata.obj
 0002:00001408       ??_C@_03FEFJNEK@Sat?$AA@   000000018000d408     libucrt:nlsdata.obj
 0002:0000140c       ??_C@_06OOPIFAJ@Sunday?$AA@ 000000018000d40c     libucrt:nlsdata.obj
 0002:00001414       ??_C@_06JLEDEDGH@Monday?$AA@ 000000018000d414     libucrt:nlsdata.obj
 0002:00001420       ??_C@_07BAAGCFCM@Tuesday?$AA@ 000000018000d420     libucrt:nlsdata.obj
 0002:00001428       ??_C@_09DLIGFAKA@Wednesday?$AA@ 000000018000d428     libucrt:nlsdata.obj
 0002:00001438       ??_C@_08HACCIKIA@Thursday?$AA@ 000000018000d438     libucrt:nlsdata.obj
 0002:00001444       ??_C@_06JECMNKMI@Friday?$AA@ 000000018000d444     libucrt:nlsdata.obj
 0002:00001450       ??_C@_08INBOOONO@Saturday?$AA@ 000000018000d450     libucrt:nlsdata.obj
 0002:0000145c       ??_C@_03JIHJHPIE@Jan?$AA@  000000018000d45c     libucrt:nlsdata.obj
 0002:00001460       ??_C@_03HJBDCHOM@Feb?$AA@  000000018000d460     libucrt:nlsdata.obj
 0002:00001464       ??_C@_03ODNJBKGA@Mar?$AA@  000000018000d464     libucrt:nlsdata.obj
 0002:00001468       ??_C@_03LEOLGMJP@Apr?$AA@  000000018000d468     libucrt:nlsdata.obj
 0002:0000146c       ??_C@_03CNMDKL@May?$AA@    000000018000d46c     libucrt:nlsdata.obj
 0002:00001470       ??_C@_03IDFGHECI@Jun?$AA@  000000018000d470     libucrt:nlsdata.obj
 0002:00001474       ??_C@_03LBGABGKK@Jul?$AA@  000000018000d474     libucrt:nlsdata.obj
 0002:00001478       ??_C@_03IFJFEIGA@Aug?$AA@  000000018000d478     libucrt:nlsdata.obj
 0002:0000147c       ??_C@_03GGCAPAJC@Sep?$AA@  000000018000d47c     libucrt:nlsdata.obj
 0002:00001480       ??_C@_03BMAOKBAD@Oct?$AA@  000000018000d480     libucrt:nlsdata.obj
 0002:00001484       ??_C@_03JPJOFNIA@Nov?$AA@  000000018000d484     libucrt:nlsdata.obj
 0002:00001488       ??_C@_03MKABNOCG@Dec?$AA@  000000018000d488     libucrt:nlsdata.obj
 0002:00001490       ??_C@_07CGJPFGJA@January?$AA@ 000000018000d490     libucrt:nlsdata.obj
 0002:00001498       ??_C@_08GNJGEPFN@February?$AA@ 000000018000d498     libucrt:nlsdata.obj
 0002:000014a4       ??_C@_05HPCKOFNC@March?$AA@ 000000018000d4a4     libucrt:nlsdata.obj
 0002:000014ac       ??_C@_05DMJDNLEJ@April?$AA@ 000000018000d4ac     libucrt:nlsdata.obj
 0002:000014b4       ??_C@_04CNLMGBGM@June?$AA@ 000000018000d4b4     libucrt:nlsdata.obj
 0002:000014bc       ??_C@_04MIEPOIFP@July?$AA@ 000000018000d4bc     libucrt:nlsdata.obj
 0002:000014c4       ??_C@_06LBBHFDDG@August?$AA@ 000000018000d4c4     libucrt:nlsdata.obj
 0002:000014d0       ??_C@_09BHHEALKD@September?$AA@ 000000018000d4d0     libucrt:nlsdata.obj
 0002:000014e0       ??_C@_07JJNFCEND@October?$AA@ 000000018000d4e0     libucrt:nlsdata.obj
 0002:000014e8       ??_C@_08HCHEGEOA@November?$AA@ 000000018000d4e8     libucrt:nlsdata.obj
 0002:000014f8       ??_C@_08EDHMEBNP@December?$AA@ 000000018000d4f8     libucrt:nlsdata.obj
 0002:00001504       ??_C@_02DEDBPAFC@AM?$AA@   000000018000d504     libucrt:nlsdata.obj
 0002:00001508       ??_C@_02CJNFDJBF@PM?$AA@   000000018000d508     libucrt:nlsdata.obj
 0002:00001510       ??_C@_08BPBNCDIB@MM?1dd?1yy?$AA@ 000000018000d510     libucrt:nlsdata.obj
 0002:00001520       ??_C@_0BE@CKGJFCPC@dddd?0?5MMMM?5dd?0?5yyyy?$AA@ 000000018000d520     libucrt:nlsdata.obj
 0002:00001538       ??_C@_08JCCMCCIL@HH?3mm?3ss?$AA@ 000000018000d538     libucrt:nlsdata.obj
 0002:00001548       ??_C@_17MBGCMIPB@?$AAS?$AAu?$AAn?$AA?$AA@ 000000018000d548     libucrt:nlsdata.obj
 0002:00001550       ??_C@_17KBOMKBF@?$AAM?$AAo?$AAn?$AA?$AA@ 000000018000d550     libucrt:nlsdata.obj
 0002:00001558       ??_C@_17BMKGEGOJ@?$AAT?$AAu?$AAe?$AA?$AA@ 000000018000d558     libucrt:nlsdata.obj
 0002:00001560       ??_C@_17CJEDCEPE@?$AAW?$AAe?$AAd?$AA?$AA@ 000000018000d560     libucrt:nlsdata.obj
 0002:00001568       ??_C@_17PDPHAADD@?$AAT?$AAh?$AAu?$AA?$AA@ 000000018000d568     libucrt:nlsdata.obj
 0002:00001570       ??_C@_17HFOLPPLP@?$AAF?$AAr?$AAi?$AA?$AA@ 000000018000d570     libucrt:nlsdata.obj
 0002:00001578       ??_C@_17GGIBDPIH@?$AAS?$AAa?$AAt?$AA?$AA@ 000000018000d578     libucrt:nlsdata.obj
 0002:00001580       ??_C@_1O@IHNHDHPB@?$AAS?$AAu?$AAn?$AAd?$AAa?$AAy?$AA?$AA@ 000000018000d580     libucrt:nlsdata.obj
 0002:00001590       ??_C@_1O@MMNBFLIA@?$AAM?$AAo?$AAn?$AAd?$AAa?$AAy?$AA?$AA@ 000000018000d590     libucrt:nlsdata.obj
 0002:000015a0       ??_C@_1BA@ENFBFFEK@?$AAT?$AAu?$AAe?$AAs?$AAd?$AAa?$AAy?$AA?$AA@ 000000018000d5a0     libucrt:nlsdata.obj
 0002:000015b0       ??_C@_1BE@EBOGMDOH@?$AAW?$AAe?$AAd?$AAn?$AAe?$AAs?$AAd?$AAa?$AAy?$AA?$AA@ 000000018000d5b0     libucrt:nlsdata.obj
 0002:000015c8       ??_C@_1BC@HHMNLIHE@?$AAT?$AAh?$AAu?$AAr?$AAs?$AAd?$AAa?$AAy?$AA?$AA@ 000000018000d5c8     libucrt:nlsdata.obj
 0002:000015e0       ??_C@_1O@PDICJHAG@?$AAF?$AAr?$AAi?$AAd?$AAa?$AAy?$AA?$AA@ 000000018000d5e0     libucrt:nlsdata.obj
 0002:000015f0       ??_C@_1BC@ENMNNPAJ@?$AAS?$AAa?$AAt?$AAu?$AAr?$AAd?$AAa?$AAy?$AA?$AA@ 000000018000d5f0     libucrt:nlsdata.obj
 0002:00001608       ??_C@_17DKNBKCHM@?$AAJ?$AAa?$AAn?$AA?$AA@ 000000018000d608     libucrt:nlsdata.obj
 0002:00001610       ??_C@_17LMDJEKJN@?$AAF?$AAe?$AAb?$AA?$AA@ 000000018000d610     libucrt:nlsdata.obj
 0002:00001618       ??_C@_17CKNLEDEC@?$AAM?$AAa?$AAr?$AA?$AA@ 000000018000d618     libucrt:nlsdata.obj
 0002:00001620       ??_C@_17LFPOIHDD@?$AAA?$AAp?$AAr?$AA?$AA@ 000000018000d620     libucrt:nlsdata.obj
 0002:00001628       ??_C@_17PNNKMEED@?$AAM?$AAa?$AAy?$AA?$AA@ 000000018000d628     libucrt:nlsdata.obj
 0002:00001630       ??_C@_17KCJGOCPB@?$AAJ?$AAu?$AAn?$AA?$AA@ 000000018000d630     libucrt:nlsdata.obj
 0002:00001638       ??_C@_17IJPCKHK@?$AAJ?$AAu?$AAl?$AA?$AA@ 000000018000d638     libucrt:nlsdata.obj
 0002:00001640       ??_C@_17ICPELBCN@?$AAA?$AAu?$AAg?$AA?$AA@ 000000018000d640     libucrt:nlsdata.obj
 0002:00001648       ??_C@_17HCHCOKMG@?$AAS?$AAe?$AAp?$AA?$AA@ 000000018000d648     libucrt:nlsdata.obj
 0002:00001650       ??_C@_17FNLKOI@?$AAO?$AAc?$AAt?$AA?$AA@ 000000018000d650     libucrt:nlsdata.obj
 0002:00001658       ??_C@_17BBDMLCIG@?$AAN?$AAo?$AAv?$AA?$AA@ 000000018000d658     libucrt:nlsdata.obj
 0002:00001660       ??_C@_17EGKACKIF@?$AAD?$AAe?$AAc?$AA?$AA@ 000000018000d660     libucrt:nlsdata.obj
 0002:00001668       ??_C@_1BA@EFMEIEBA@?$AAJ?$AAa?$AAn?$AAu?$AAa?$AAr?$AAy?$AA?$AA@ 000000018000d668     libucrt:nlsdata.obj
 0002:00001678       ??_C@_1BC@JGDDFFAM@?$AAF?$AAe?$AAb?$AAr?$AAu?$AAa?$AAr?$AAy?$AA?$AA@ 000000018000d678     libucrt:nlsdata.obj
 0002:00001690       ??_C@_1M@IKEENEDF@?$AAM?$AAa?$AAr?$AAc?$AAh?$AA?$AA@ 000000018000d690     libucrt:nlsdata.obj
 0002:000016a0       ??_C@_1M@GJNLMHFD@?$AAA?$AAp?$AAr?$AAi?$AAl?$AA?$AA@ 000000018000d6a0     libucrt:nlsdata.obj
 0002:000016b0       ??_C@_19EPFLPGAP@?$AAJ?$AAu?$AAn?$AAe?$AA?$AA@ 000000018000d6b0     libucrt:nlsdata.obj
 0002:000016c0       ??_C@_19BIFMLPCD@?$AAJ?$AAu?$AAl?$AAy?$AA?$AA@ 000000018000d6c0     libucrt:nlsdata.obj
 0002:000016d0       ??_C@_1O@PAHLKOAC@?$AAA?$AAu?$AAg?$AAu?$AAs?$AAt?$AA?$AA@ 000000018000d6d0     libucrt:nlsdata.obj
 0002:000016e0       ??_C@_1BE@DKAAMBJL@?$AAS?$AAe?$AAp?$AAt?$AAe?$AAm?$AAb?$AAe?$AAr?$AA?$AA@ 000000018000d6e0     libucrt:nlsdata.obj
 0002:000016f8       ??_C@_1BA@EPANDLNG@?$AAO?$AAc?$AAt?$AAo?$AAb?$AAe?$AAr?$AA?$AA@ 000000018000d6f8     libucrt:nlsdata.obj
 0002:00001708       ??_C@_1BC@BGLIFPF@?$AAN?$AAo?$AAv?$AAe?$AAm?$AAb?$AAe?$AAr?$AA?$AA@ 000000018000d708     libucrt:nlsdata.obj
 0002:00001720       ??_C@_1BC@FEMKIFH@?$AAD?$AAe?$AAc?$AAe?$AAm?$AAb?$AAe?$AAr?$AA?$AA@ 000000018000d720     libucrt:nlsdata.obj
 0002:00001734       ??_C@_15ODEHAHHF@?$AAA?$AAM?$AA?$AA@ 000000018000d734     libucrt:nlsdata.obj
 0002:0000173c       ??_C@_15CLMNNGEL@?$AAP?$AAM?$AA?$AA@ 000000018000d73c     libucrt:nlsdata.obj
 0002:00001748       ??_C@_1BC@IEBCMHCM@?$AAM?$AAM?$AA?1?$AAd?$AAd?$AA?1?$AAy?$AAy?$AA?$AA@ 000000018000d748     libucrt:nlsdata.obj
 0002:00001760       ??_C@_1CI@KNAKOEBC@?$AAd?$AAd?$AAd?$AAd?$AA?0?$AA?5?$AAM?$AAM?$AAM?$AAM?$AA?5?$AAd?$AAd?$AA?0?$AA?5?$AAy?$AAy?$AAy?$AAy?$AA?$AA@ 000000018000d760     libucrt:nlsdata.obj
 0002:00001788       ??_C@_1BC@GDGBMEMK@?$AAH?$AAH?$AA?3?$AAm?$AAm?$AA?3?$AAs?$AAs?$AA?$AA@ 000000018000d788     libucrt:nlsdata.obj
 0002:000017a0       ??_C@_1M@BMHNFIME@?$AAe?$AAn?$AA?9?$AAU?$AAS?$AA?$AA@ 000000018000d7a0     libucrt:nlsdata.obj
 0002:00001850       ??_C@_1EG@CNNIPFIM@?$AAa?$AAp?$AAi?$AA?9?$AAm?$AAs?$AA?9?$AAw?$AAi?$AAn?$AA?9?$AAa?$AAp?$AAp?$AAm?$AAo?$AAd?$AAe?$AAl?$AA?9?$AAr?$AAu?$AAn?$AAt?$AAi?$AAm?$AAe?$AA?9?$AAl?$AA1?$AA?9?$AA1@ 000000018000d850     libucrt:winapi_thunks.obj
 0002:000018a0       ??_C@_1EA@JGEFHKEI@?$AAa?$AAp?$AAi?$AA?9?$AAm?$AAs?$AA?9?$AAw?$AAi?$AAn?$AA?9?$AAc?$AAo?$AAr?$AAe?$AA?9?$AAd?$AAa?$AAt?$AAe?$AAt?$AAi?$AAm?$AAe?$AA?9?$AAl?$AA1?$AA?9?$AA1?$AA?9?$AA1?$AA?$AA@ 000000018000d8a0     libucrt:winapi_thunks.obj
 0002:000018e0       ??_C@_1DI@GCIAAENM@?$AAa?$AAp?$AAi?$AA?9?$AAm?$AAs?$AA?9?$AAw?$AAi?$AAn?$AA?9?$AAc?$AAo?$AAr?$AAe?$AA?9?$AAf?$AAi?$AAl?$AAe?$AA?9?$AAl?$AA2?$AA?9?$AA1?$AA?9?$AA1?$AA?$AA@ 000000018000d8e0     libucrt:winapi_thunks.obj
 0002:00001920       ??_C@_1EI@MPIAOHOC@?$AAa?$AAp?$AAi?$AA?9?$AAm?$AAs?$AA?9?$AAw?$AAi?$AAn?$AA?9?$AAc?$AAo?$AAr?$AAe?$AA?9?$AAl?$AAo?$AAc?$AAa?$AAl?$AAi?$AAz?$AAa?$AAt?$AAi?$AAo?$AAn?$AA?9?$AAl?$AA1?$AA?9@ 000000018000d920     libucrt:winapi_thunks.obj
 0002:00001970       ??_C@_1FK@FPHCKFIE@?$AAa?$AAp?$AAi?$AA?9?$AAm?$AAs?$AA?9?$AAw?$AAi?$AAn?$AA?9?$AAc?$AAo?$AAr?$AAe?$AA?9?$AAl?$AAo?$AAc?$AAa?$AAl?$AAi?$AAz?$AAa?$AAt?$AAi?$AAo?$AAn?$AA?9?$AAo?$AAb?$AAs@ 000000018000d970     libucrt:winapi_thunks.obj
 0002:000019d0       ??_C@_1EM@DILCGIIO@?$AAa?$AAp?$AAi?$AA?9?$AAm?$AAs?$AA?9?$AAw?$AAi?$AAn?$AA?9?$AAc?$AAo?$AAr?$AAe?$AA?9?$AAp?$AAr?$AAo?$AAc?$AAe?$AAs?$AAs?$AAt?$AAh?$AAr?$AAe?$AAa?$AAd?$AAs?$AA?9?$AAl@ 000000018000d9d0     libucrt:winapi_thunks.obj
 0002:00001a20       ??_C@_1DM@LNCGDDPN@?$AAa?$AAp?$AAi?$AA?9?$AAm?$AAs?$AA?9?$AAw?$AAi?$AAn?$AA?9?$AAc?$AAo?$AAr?$AAe?$AA?9?$AAs?$AAt?$AAr?$AAi?$AAn?$AAg?$AA?9?$AAl?$AA1?$AA?9?$AA1?$AA?9?$AA0?$AA?$AA@ 000000018000da20     libucrt:winapi_thunks.obj
 0002:00001a60       ??_C@_1DO@FPAPJEMD@?$AAa?$AAp?$AAi?$AA?9?$AAm?$AAs?$AA?9?$AAw?$AAi?$AAn?$AA?9?$AAc?$AAo?$AAr?$AAe?$AA?9?$AAs?$AAy?$AAs?$AAi?$AAn?$AAf?$AAo?$AA?9?$AAl?$AA1?$AA?9?$AA2?$AA?9?$AA1?$AA?$AA@ 000000018000da60     libucrt:winapi_thunks.obj
 0002:00001aa0       ??_C@_1DK@NDHNAHIO@?$AAa?$AAp?$AAi?$AA?9?$AAm?$AAs?$AA?9?$AAw?$AAi?$AAn?$AA?9?$AAc?$AAo?$AAr?$AAe?$AA?9?$AAw?$AAi?$AAn?$AAr?$AAt?$AA?9?$AAl?$AA1?$AA?9?$AA1?$AA?9?$AA0?$AA?$AA@ 000000018000daa0     libucrt:winapi_thunks.obj
 0002:00001ae0       ??_C@_1DM@KGHDGBCM@?$AAa?$AAp?$AAi?$AA?9?$AAm?$AAs?$AA?9?$AAw?$AAi?$AAn?$AA?9?$AAc?$AAo?$AAr?$AAe?$AA?9?$AAx?$AAs?$AAt?$AAa?$AAt?$AAe?$AA?9?$AAl?$AA2?$AA?9?$AA1?$AA?9?$AA0?$AA?$AA@ 000000018000dae0     libucrt:winapi_thunks.obj
 0002:00001b20       ??_C@_1EO@IJIOEFOH@?$AAa?$AAp?$AAi?$AA?9?$AAm?$AAs?$AA?9?$AAw?$AAi?$AAn?$AA?9?$AAr?$AAt?$AAc?$AAo?$AAr?$AAe?$AA?9?$AAn?$AAt?$AAu?$AAs?$AAe?$AAr?$AA?9?$AAw?$AAi?$AAn?$AAd?$AAo?$AAw?$AA?9@ 000000018000db20     libucrt:winapi_thunks.obj
 0002:00001b70       ??_C@_1FG@HHGEKANL@?$AAa?$AAp?$AAi?$AA?9?$AAm?$AAs?$AA?9?$AAw?$AAi?$AAn?$AA?9?$AAs?$AAe?$AAc?$AAu?$AAr?$AAi?$AAt?$AAy?$AA?9?$AAs?$AAy?$AAs?$AAt?$AAe?$AAm?$AAf?$AAu?$AAn?$AAc?$AAt?$AAi@ 000000018000db70     libucrt:winapi_thunks.obj
 0002:00001bd0       ??_C@_1FG@NCKKOLKO@?$AAe?$AAx?$AAt?$AA?9?$AAm?$AAs?$AA?9?$AAw?$AAi?$AAn?$AA?9?$AAk?$AAe?$AAr?$AAn?$AAe?$AAl?$AA3?$AA2?$AA?9?$AAp?$AAa?$AAc?$AAk?$AAa?$AAg?$AAe?$AA?9?$AAc?$AAu?$AAr?$AAr@ 000000018000dbd0     libucrt:winapi_thunks.obj
 0002:00001c30       ??_C@_1EG@DBIOJECG@?$AAe?$AAx?$AAt?$AA?9?$AAm?$AAs?$AA?9?$AAw?$AAi?$AAn?$AA?9?$AAn?$AAt?$AAu?$AAs?$AAe?$AAr?$AA?9?$AAd?$AAi?$AAa?$AAl?$AAo?$AAg?$AAb?$AAo?$AAx?$AA?9?$AAl?$AA1?$AA?9?$AA1@ 000000018000dc30     libucrt:winapi_thunks.obj
 0002:00001c80       ??_C@_1EO@FIHMJCLF@?$AAe?$AAx?$AAt?$AA?9?$AAm?$AAs?$AA?9?$AAw?$AAi?$AAn?$AA?9?$AAn?$AAt?$AAu?$AAs?$AAe?$AAr?$AA?9?$AAw?$AAi?$AAn?$AAd?$AAo?$AAw?$AAs?$AAt?$AAa?$AAt?$AAi?$AAo?$AAn?$AA?9@ 000000018000dc80     libucrt:winapi_thunks.obj
 0002:00001cd0       ??_C@_1O@BCCLBEOE@?$AAu?$AAs?$AAe?$AAr?$AA3?$AA2?$AA?$AA@ 000000018000dcd0     libucrt:winapi_thunks.obj
 0002:00001d08       ??_C@_0BE@JOGNEJCI@GetCurrentPackageId?$AA@ 000000018000dd08     libucrt:winapi_thunks.obj
 0002:00001d30       ??_C@_0O@KKBNKAPF@LCMapStringEx?$AA@ 000000018000dd30     libucrt:winapi_thunks.obj
 0002:00001d48       ??_C@_0BB@HBDEELFH@LocaleNameToLCID?$AA@ 000000018000dd48     libucrt:winapi_thunks.obj
 0002:00001d80       ??_C@_1M@HPNHIDJI@?$AAj?$AAa?$AA?9?$AAJ?$AAP?$AA?$AA@ 000000018000dd80     libucrt:mbctype.obj
 0002:00001d90       ??_C@_1M@BIBDDEMK@?$AAz?$AAh?$AA?9?$AAC?$AAN?$AA?$AA@ 000000018000dd90     libucrt:mbctype.obj
 0002:00001da0       ??_C@_1M@JLOOOEGK@?$AAk?$AAo?$AA?9?$AAK?$AAR?$AA?$AA@ 000000018000dda0     libucrt:mbctype.obj
 0002:00001db0       ??_C@_1M@CLNBBOPM@?$AAz?$AAh?$AA?9?$AAT?$AAW?$AA?$AA@ 000000018000ddb0     libucrt:mbctype.obj
 0002:00001dc0       __newctype                 000000018000ddc0     libucrt:ctype.obj
 0002:000020c0       __newclmap                 000000018000e0c0     libucrt:ctype.obj
 0002:00002240       __newcumap                 000000018000e240     libucrt:ctype.obj
 0002:000023c0       ??_C@_15PJPFLCCM@?$AAu?$AAk?$AA?$AA@ 000000018000e3c0     libucrt:get_qualified_locale.obj
 0002:00003210       ??_C@_15EMKDOKLE@?$AAa?$AAr?$AA?$AA@ 000000018000f210     libucrt:lcidtoname_downlevel.obj
 0002:00003218       ??_C@_15KNPADPLH@?$AAb?$AAg?$AA?$AA@ 000000018000f218     libucrt:lcidtoname_downlevel.obj
 0002:00003220       ??_C@_15EDMHLDMO@?$AAc?$AAa?$AA?$AA@ 000000018000f220     libucrt:lcidtoname_downlevel.obj
 0002:00003228       ??_C@_1O@BPEAJADD@?$AAz?$AAh?$AA?9?$AAC?$AAH?$AAS?$AA?$AA@ 000000018000f228     libucrt:lcidtoname_downlevel.obj
 0002:00003238       ??_C@_15LJNHCMNK@?$AAc?$AAs?$AA?$AA@ 000000018000f238     libucrt:lcidtoname_downlevel.obj
 0002:00003240       ??_C@_15FOMCIDHG@?$AAd?$AAa?$AA?$AA@ 000000018000f240     libucrt:lcidtoname_downlevel.obj
 0002:00003248       ??_C@_15NBKABECB@?$AAd?$AAe?$AA?$AA@ 000000018000f248     libucrt:lcidtoname_downlevel.obj
 0002:00003250       ??_C@_15GHPEIIAO@?$AAe?$AAl?$AA?$AA@ 000000018000f250     libucrt:lcidtoname_downlevel.obj
 0002:00003258       ??_C@_15MNPNEAIF@?$AAe?$AAn?$AA?$AA@ 000000018000f258     libucrt:lcidtoname_downlevel.obj
 0002:00003260       ??_C@_15GPIOMPMH@?$AAe?$AAs?$AA?$AA@ 000000018000f260     libucrt:lcidtoname_downlevel.obj
 0002:00003268       ??_C@_15NGLOAKJC@?$AAf?$AAi?$AA?$AA@ 000000018000f268     libucrt:lcidtoname_downlevel.obj
 0002:00003270       ??_C@_15FBKGNKAM@?$AAf?$AAr?$AA?$AA@ 000000018000f270     libucrt:lcidtoname_downlevel.obj
 0002:00003278       ??_C@_15KGGCNEFK@?$AAh?$AAe?$AA?$AA@ 000000018000f278     libucrt:lcidtoname_downlevel.obj
 0002:00003280       ??_C@_15PGHLIDMF@?$AAh?$AAu?$AA?$AA@ 000000018000f280     libucrt:lcidtoname_downlevel.obj
 0002:00003288       ??_C@_15BIEMAPLM@?$AAi?$AAs?$AA?$AA@ 000000018000f288     libucrt:lcidtoname_downlevel.obj
 0002:00003290       ??_C@_15IFJLDHAF@?$AAi?$AAt?$AA?$AA@ 000000018000f290     libucrt:lcidtoname_downlevel.obj
 0002:00003298       ??_C@_15GEMIOCAG@?$AAj?$AAa?$AA?$AA@ 000000018000f298     libucrt:lcidtoname_downlevel.obj
 0002:000032a0       ??_C@_15EPELEGJA@?$AAk?$AAo?$AA?$AA@ 000000018000f2a0     libucrt:lcidtoname_downlevel.obj
 0002:000032a8       ??_C@_15NDDHIMN@?$AAn?$AAl?$AA?$AA@ 000000018000f2a8     libucrt:lcidtoname_downlevel.obj
 0002:000032b0       ??_C@_15BPIGNHCD@?$AAn?$AAo?$AA?$AA@ 000000018000f2b0     libucrt:lcidtoname_downlevel.obj
 0002:000032b8       ??_C@_15DEOPBLCG@?$AAp?$AAl?$AA?$AA@ 000000018000f2b8     libucrt:lcidtoname_downlevel.obj
 0002:000032c0       ??_C@_15KBECGEFG@?$AAp?$AAt?$AA?$AA@ 000000018000f2c0     libucrt:lcidtoname_downlevel.obj
 0002:000032c8       ??_C@_15GLJCBFMD@?$AAr?$AAo?$AA?$AA@ 000000018000f2c8     libucrt:lcidtoname_downlevel.obj
 0002:000032d0       ??_C@_15FEDGKCDI@?$AAr?$AAu?$AA?$AA@ 000000018000f2d0     libucrt:lcidtoname_downlevel.obj
 0002:000032d8       ??_C@_15GLKMLLHM@?$AAh?$AAr?$AA?$AA@ 000000018000f2d8     libucrt:lcidtoname_downlevel.obj
 0002:000032e0       ??_C@_15CPKMFBDB@?$AAs?$AAk?$AA?$AA@ 000000018000f2e0     libucrt:lcidtoname_downlevel.obj
 0002:000032e8       ??_C@_15BAAIOGMK@?$AAs?$AAq?$AA?$AA@ 000000018000f2e8     libucrt:lcidtoname_downlevel.obj
 0002:000032f0       ??_C@_15INNPNOHD@?$AAs?$AAv?$AA?$AA@ 000000018000f2f0     libucrt:lcidtoname_downlevel.obj
 0002:000032f8       ??_C@_15CABMMOGH@?$AAt?$AAh?$AA?$AA@ 000000018000f2f8     libucrt:lcidtoname_downlevel.obj
 0002:00003300       ??_C@_15BPLIHJJM@?$AAt?$AAr?$AA?$AA@ 000000018000f300     libucrt:lcidtoname_downlevel.obj
 0002:00003308       ??_C@_15NEOEKKDJ@?$AAu?$AAr?$AA?$AA@ 000000018000f308     libucrt:lcidtoname_downlevel.obj
 0002:00003310       ??_C@_15NFICGAJK@?$AAi?$AAd?$AA?$AA@ 000000018000f310     libucrt:lcidtoname_downlevel.obj
 0002:00003318       ??_C@_15HPJPHDM@?$AAb?$AAe?$AA?$AA@ 000000018000f318     libucrt:lcidtoname_downlevel.obj
 0002:00003320       ??_C@_15LCHLGJII@?$AAs?$AAl?$AA?$AA@ 000000018000f320     libucrt:lcidtoname_downlevel.obj
 0002:00003328       ??_C@_15PCFJPHHO@?$AAe?$AAt?$AA?$AA@ 000000018000f328     libucrt:lcidtoname_downlevel.obj
 0002:00003330       ??_C@_15HPFPGODN@?$AAl?$AAv?$AA?$AA@ 000000018000f330     libucrt:lcidtoname_downlevel.obj
 0002:00003338       ??_C@_15NFFGKGLG@?$AAl?$AAt?$AA?$AA@ 000000018000f338     libucrt:lcidtoname_downlevel.obj
 0002:00003340       ??_C@_15BDAKCCHN@?$AAf?$AAa?$AA?$AA@ 000000018000f340     libucrt:lcidtoname_downlevel.obj
 0002:00003348       ??_C@_15NFGIAIAJ@?$AAv?$AAi?$AA?$AA@ 000000018000f348     libucrt:lcidtoname_downlevel.obj
 0002:00003350       ??_C@_15LMKNDMHN@?$AAh?$AAy?$AA?$AA@ 000000018000f350     libucrt:lcidtoname_downlevel.obj
 0002:00003358       ??_C@_15IJBHMCFL@?$AAa?$AAz?$AA?$AA@ 000000018000f358     libucrt:lcidtoname_downlevel.obj
 0002:00003360       ??_C@_15EKOFJABL@?$AAe?$AAu?$AA?$AA@ 000000018000f360     libucrt:lcidtoname_downlevel.obj
 0002:00003368       ??_C@_15BGHADCNK@?$AAm?$AAk?$AA?$AA@ 000000018000f368     libucrt:lcidtoname_downlevel.obj
 0002:00003370       ??_C@_15JDNICKHM@?$AAa?$AAf?$AA?$AA@ 000000018000f370     libucrt:lcidtoname_downlevel.obj
 0002:00003378       ??_C@_15KPJEDBKD@?$AAk?$AAa?$AA?$AA@ 000000018000f378     libucrt:lcidtoname_downlevel.obj
 0002:00003380       ??_C@_15PDNFFFEO@?$AAf?$AAo?$AA?$AA@ 000000018000f380     libucrt:lcidtoname_downlevel.obj
 0002:00003388       ??_C@_15OMLEGLOC@?$AAh?$AAi?$AA?$AA@ 000000018000f388     libucrt:lcidtoname_downlevel.obj
 0002:00003390       ??_C@_15IDNNENKK@?$AAm?$AAs?$AA?$AA@ 000000018000f390     libucrt:lcidtoname_downlevel.obj
 0002:00003398       ??_C@_15MACJNBMH@?$AAk?$AAk?$AA?$AA@ 000000018000f398     libucrt:lcidtoname_downlevel.obj
 0002:000033a0       ??_C@_15DKDJEOND@?$AAk?$AAy?$AA?$AA@ 000000018000f3a0     libucrt:lcidtoname_downlevel.obj
 0002:000033a8       ??_C@_15DFGDLJBG@?$AAs?$AAw?$AA?$AA@ 000000018000f3a8     libucrt:lcidtoname_downlevel.obj
 0002:000033b0       ??_C@_15BBFAICNG@?$AAu?$AAz?$AA?$AA@ 000000018000f3b0     libucrt:lcidtoname_downlevel.obj
 0002:000033b8       ??_C@_15DKNDCGEA@?$AAt?$AAt?$AA?$AA@ 000000018000f3b8     libucrt:lcidtoname_downlevel.obj
 0002:000033c0       ??_C@_15MGIFMDPL@?$AAp?$AAa?$AA?$AA@ 000000018000f3c0     libucrt:lcidtoname_downlevel.obj
 0002:000033c8       ??_C@_15HCNDBBA@?$AAg?$AAu?$AA?$AA@ 000000018000f3c8     libucrt:lcidtoname_downlevel.obj
 0002:000033d0       ??_C@_15FNBEIBON@?$AAt?$AAa?$AA?$AA@ 000000018000f3d0     libucrt:lcidtoname_downlevel.obj
 0002:000033d8       ??_C@_15NCHGBGLK@?$AAt?$AAe?$AA?$AA@ 000000018000f3d8     libucrt:lcidtoname_downlevel.obj
 0002:000033e0       ??_C@_15PHPHCBPF@?$AAk?$AAn?$AA?$AA@ 000000018000f3e0     libucrt:lcidtoname_downlevel.obj
 0002:000033e8       ??_C@_15DLGBCKMP@?$AAm?$AAr?$AA?$AA@ 000000018000f3e8     libucrt:lcidtoname_downlevel.obj
 0002:000033f0       ??_C@_15EABBLBFF@?$AAs?$AAa?$AA?$AA@ 000000018000f3f0     libucrt:lcidtoname_downlevel.obj
 0002:000033f8       ??_C@_15CBKOMCOI@?$AAm?$AAn?$AA?$AA@ 000000018000f3f8     libucrt:lcidtoname_downlevel.obj
 0002:00003400       ??_C@_15CKDMCJAF@?$AAg?$AAl?$AA?$AA@ 000000018000f400     libucrt:lcidtoname_downlevel.obj
 0002:00003408       ??_C@_17CNJFBPG@?$AAk?$AAo?$AAk?$AA?$AA@ 000000018000f408     libucrt:lcidtoname_downlevel.obj
 0002:00003410       ??_C@_17FFBJICPL@?$AAs?$AAy?$AAr?$AA?$AA@ 000000018000f410     libucrt:lcidtoname_downlevel.obj
 0002:00003418       ??_C@_17KPNDCPAF@?$AAd?$AAi?$AAv?$AA?$AA@ 000000018000f418     libucrt:lcidtoname_downlevel.obj
 0002:00003420       ??_C@_11LOCGONAA@?$AA?$AA@ 000000018000f420     libucrt:lcidtoname_downlevel.obj
 0002:00003428       ??_C@_1M@OKAHONE@?$AAa?$AAr?$AA?9?$AAS?$AAA?$AA?$AA@ 000000018000f428     libucrt:lcidtoname_downlevel.obj
 0002:00003438       ??_C@_1M@FFFIGIGK@?$AAb?$AAg?$AA?9?$AAB?$AAG?$AA?$AA@ 000000018000f438     libucrt:lcidtoname_downlevel.obj
 0002:00003448       ??_C@_1M@BJNKEDC@?$AAc?$AAa?$AA?9?$AAE?$AAS?$AA?$AA@ 000000018000f448     libucrt:lcidtoname_downlevel.obj
 0002:00003458       ??_C@_1M@IJJHFJHA@?$AAc?$AAs?$AA?9?$AAC?$AAZ?$AA?$AA@ 000000018000f458     libucrt:lcidtoname_downlevel.obj
 0002:00003468       ??_C@_1M@CLPEOBGI@?$AAd?$AAa?$AA?9?$AAD?$AAK?$AA?$AA@ 000000018000f468     libucrt:lcidtoname_downlevel.obj
 0002:00003478       ??_C@_1M@MCMADGCB@?$AAd?$AAe?$AA?9?$AAD?$AAE?$AA?$AA@ 000000018000f478     libucrt:lcidtoname_downlevel.obj
 0002:00003488       ??_C@_1M@OOCKEMAM@?$AAe?$AAl?$AA?9?$AAG?$AAR?$AA?$AA@ 000000018000f488     libucrt:lcidtoname_downlevel.obj
 0002:00003498       ??_C@_1M@DDNJFGID@?$AAf?$AAi?$AA?9?$AAF?$AAI?$AA?$AA@ 000000018000f498     libucrt:lcidtoname_downlevel.obj
 0002:000034a8       ??_C@_1M@GLIPPMAC@?$AAf?$AAr?$AA?9?$AAF?$AAR?$AA?$AA@ 000000018000f4a8     libucrt:lcidtoname_downlevel.obj
 0002:000034b8       ??_C@_1M@GFMCHPE@?$AAh?$AAe?$AA?9?$AAI?$AAL?$AA?$AA@ 000000018000f4b8     libucrt:lcidtoname_downlevel.obj
 0002:000034c8       ??_C@_1M@MHLPGNKM@?$AAh?$AAu?$AA?9?$AAH?$AAU?$AA?$AA@ 000000018000f4c8     libucrt:lcidtoname_downlevel.obj
 0002:000034d8       ??_C@_1M@LPDDNNPN@?$AAi?$AAs?$AA?9?$AAI?$AAS?$AA?$AA@ 000000018000f4d8     libucrt:lcidtoname_downlevel.obj
 0002:000034e8       ??_C@_1M@MADIPODN@?$AAi?$AAt?$AA?9?$AAI?$AAT?$AA?$AA@ 000000018000f4e8     libucrt:lcidtoname_downlevel.obj
 0002:000034f8       ??_C@_1M@IHBJJGG@?$AAn?$AAl?$AA?9?$AAN?$AAL?$AA?$AA@ 000000018000f4f8     libucrt:lcidtoname_downlevel.obj
 0002:00003508       ??_C@_1M@EANAGDL@?$AAn?$AAb?$AA?9?$AAN?$AAO?$AA?$AA@ 000000018000f508     libucrt:lcidtoname_downlevel.obj
 0002:00003518       ??_C@_1M@NEIEMEGP@?$AAp?$AAl?$AA?9?$AAP?$AAL?$AA?$AA@ 000000018000f518     libucrt:lcidtoname_downlevel.obj
 0002:00003528       ??_C@_1M@BOCFIGEP@?$AAp?$AAt?$AA?9?$AAB?$AAR?$AA?$AA@ 000000018000f528     libucrt:lcidtoname_downlevel.obj
 0002:00003538       ??_C@_1M@IMPFOPBG@?$AAr?$AAo?$AA?9?$AAR?$AAO?$AA?$AA@ 000000018000f538     libucrt:lcidtoname_downlevel.obj
 0002:00003548       ??_C@_1M@IDNNEJMM@?$AAr?$AAu?$AA?9?$AAR?$AAU?$AA?$AA@ 000000018000f548     libucrt:lcidtoname_downlevel.obj
 0002:00003558       ??_C@_1M@LILEEOGM@?$AAh?$AAr?$AA?9?$AAH?$AAR?$AA?$AA@ 000000018000f558     libucrt:lcidtoname_downlevel.obj
 0002:00003568       ??_C@_1M@FKIFEHPB@?$AAs?$AAk?$AA?9?$AAS?$AAK?$AA?$AA@ 000000018000f568     libucrt:lcidtoname_downlevel.obj
 0002:00003578       ??_C@_1M@LJMAMNPJ@?$AAs?$AAq?$AA?9?$AAA?$AAL?$AA?$AA@ 000000018000f578     libucrt:lcidtoname_downlevel.obj
 0002:00003588       ??_C@_1M@GIAKDKJK@?$AAs?$AAv?$AA?9?$AAS?$AAE?$AA?$AA@ 000000018000f588     libucrt:lcidtoname_downlevel.obj
 0002:00003598       ??_C@_1M@MKJKIKCL@?$AAt?$AAh?$AA?9?$AAT?$AAH?$AA?$AA@ 000000018000f598     libucrt:lcidtoname_downlevel.obj
 0002:000035a8       ??_C@_1M@MFLCCMPB@?$AAt?$AAr?$AA?9?$AAT?$AAR?$AA?$AA@ 000000018000f5a8     libucrt:lcidtoname_downlevel.obj
 0002:000035b8       ??_C@_1M@OIJHDKJN@?$AAu?$AAr?$AA?9?$AAP?$AAK?$AA?$AA@ 000000018000f5b8     libucrt:lcidtoname_downlevel.obj
 0002:000035c8       ??_C@_1M@LHIPCIEK@?$AAi?$AAd?$AA?9?$AAI?$AAD?$AA?$AA@ 000000018000f5c8     libucrt:lcidtoname_downlevel.obj
 0002:000035d8       ??_C@_1M@MFMOBGI@?$AAu?$AAk?$AA?9?$AAU?$AAA?$AA?$AA@ 000000018000f5d8     libucrt:lcidtoname_downlevel.obj
 0002:000035e8       ??_C@_1M@OBGLJIPL@?$AAb?$AAe?$AA?9?$AAB?$AAY?$AA?$AA@ 000000018000f5e8     libucrt:lcidtoname_downlevel.obj
 0002:000035f8       ??_C@_1M@BCFAJEAD@?$AAs?$AAl?$AA?9?$AAS?$AAI?$AA?$AA@ 000000018000f5f8     libucrt:lcidtoname_downlevel.obj
 0002:00003608       ??_C@_1M@FKFFEDDN@?$AAe?$AAt?$AA?9?$AAE?$AAE?$AA?$AA@ 000000018000f608     libucrt:lcidtoname_downlevel.obj
[...]
 0004:000006c0       $pdata$??R<lambda_ad1ced32f4ac17aa236e5ef05d6b3b7c>@@QEBAXXZ 00000001800176c0     libucrt:mbctype.obj
 0004:000006cc       $pdata$?getSystemCP@@YAHH@Z 00000001800176cc     libucrt:mbctype.obj
 0004:000006d8       $pdata$?setSBCS@@YAXPEAU__crt_multibyte_data@@@Z 00000001800176d8     libucrt:mbctype.obj
 0004:000006e4       $pdata$?setSBUpLow@@YAXPEAU__crt_multibyte_data@@@Z 00000001800176e4     libucrt:mbctype.obj
 0004:000006f0       $pdata$?setmbcp_internal@@YAHH_N@Z 00000001800176f0     libucrt:mbctype.obj
 0004:000006fc       $pdata$__acrt_initialize_multibyte 00000001800176fc     libucrt:mbctype.obj
 0004:00000708       $pdata$__acrt_update_thread_multibyte_data 0000000180017708     libucrt:mbctype.obj
 0004:00000714       $pdata$_setmbcp_nolock     0000000180017714     libucrt:mbctype.obj
 0004:00000720       $pdata$?x_ismbbtype_l@@YAHPEAU__crt_locale_pointers@@IHH@Z 0000000180017720     libucrt:ismbbyte.obj
 0004:0000072c       $pdata$__acrt_initialize_command_line 000000018001772c     libucrt:argv_data.obj
 0004:00000738       $pdata$__dcrt_get_narrow_environment_from_os 0000000180017738     libucrt:get_environment_from_os.obj
 0004:00000744       $pdata$_recalloc_base      0000000180017744     libucrt:recalloc.obj
 0004:00000750       $pdata$__acrt_initialize_heap 0000000180017750     libucrt:heap_handle.obj
 0004:0000075c       $pdata$?initialize_inherited_file_handles_nolock@@YAXXZ 000000018001775c     libucrt:ioinit.obj
 0004:00000768       $pdata$?initialize_stdio_handles_nolock@@YAXXZ 0000000180017768     libucrt:ioinit.obj
 0004:00000774       $pdata$__acrt_initialize_lowio 0000000180017774     libucrt:ioinit.obj
 0004:00000780       $pdata$__acrt_uninitialize_lowio 0000000180017780     libucrt:ioinit.obj
 0004:0000078c       $pdata$__acrt_execute_initializers 000000018001778c     libucrt:shared_initialization.obj
 0004:00000798       $pdata$__acrt_execute_uninitializers 0000000180017798     libucrt:shared_initialization.obj
 0004:000007a4       $pdata$_callnewh           00000001800177a4     libucrt:new_handler.obj
 0004:000007b0       $pdata$_query_new_handler  00000001800177b0     libucrt:new_handler.obj
 0004:000007bc       $pdata$??$?RV<lambda_c36588078e9f5dfd39652860aa6b3aaf>@@AEAV<lambda_ec61778202f4f5fc7e7711acc23c3bca>@@V<lambda_dc9d2797ccde5d239b4a0efae8ebd7db>@@@?$__crt_seh_guarded_call@P6AXH@Z@@QEAAP6AXH@Z$$QEAV<lambda_c36588078e9f5dfd39652860aa6b3aaf>@@AEAV<lambda_ec61778202f4f5fc7e7711acc23c3bca>@@$$QEAV<lambda_dc9d2797ccde5d239b4a0efae8ebd7db>@@@Z 00000001800177bc     libucrt:signal.obj
 0004:000007c8       $pdata$__acrt_get_sigabrt_handler 00000001800177c8     libucrt:signal.obj
 0004:000007d4       $pdata$raise               00000001800177d4     libucrt:signal.obj
 0004:000007e0       $pdata$__acrt_invoke_user_matherr 00000001800177e0     libucrt:matherr.obj
 0004:000007ec       $pdata$_mbtowc_l           00000001800177ec     libucrt:mbtowc.obj
 0004:000007f8       $pdata$_fileno             00000001800177f8     libucrt:fileno.obj
 0004:00000804       $pdata$__acrt_initialize_stdio 0000000180017804     libucrt:_file.obj
 0004:00000810       $pdata$__acrt_uninitialize_stdio 0000000180017810     libucrt:_file.obj
 0004:0000081c       $pdata$__pctype_func       000000018001781c     libucrt:ctype.obj
 0004:00000828       $pdata$_isctype_l          0000000180017828     libucrt:isctype.obj
 0004:00000834       $pdata$_isleadbyte_l       0000000180017834     libucrt:_wctype.obj
 0004:00000840       $pdata$?__acrt_LCMapStringA_stat@@YAHPEAU__crt_locale_pointers@@PEB_WKPEBDHPEADHHH@Z 0000000180017840     libucrt:lcmapstringa.obj
 0004:0000084c       $pdata$__acrt_LCMapStringA 000000018001784c     libucrt:lcmapstringa.obj
 0004:00000858       $pdata$__acrt_free_locale  0000000180017858     libucrt:locale_refcounting.obj
 0004:00000864       $pdata$__acrt_locale_free_lc_time_if_unreferenced 0000000180017864     libucrt:locale_refcounting.obj
 0004:00000870       $pdata$__acrt_release_locale_ref 0000000180017870     libucrt:locale_refcounting.obj
 0004:0000087c       $pdata$__acrt_update_thread_locale_data 000000018001787c     libucrt:locale_refcounting.obj
 0004:00000888       $pdata$_updatetlocinfoEx_nolock 0000000180017888     libucrt:locale_refcounting.obj
 0004:00000894       $pdata$__acrt_locale_free_monetary 0000000180017894     libucrt:initmon.obj
 0004:000008a0       $pdata$__acrt_locale_free_numeric 00000001800178a0     libucrt:initnum.obj
 0004:000008ac       $pdata$?free_crt_array_internal@@YAXQEAPEBX_K@Z 00000001800178ac     libucrt:inittime.obj
 0004:000008b8       $pdata$__acrt_locale_free_time 00000001800178b8     libucrt:inittime.obj
 0004:000008c4       $pdata$__acrt_GetStringTypeA 00000001800178c4     libucrt:getstringtypea.obj
 0004:000008d0       $pdata$?GetTableIndexFromLocaleName@@YAHPEB_W@Z 00000001800178d0     libucrt:lcidtoname_downlevel.obj
 0004:000008dc       $pdata$__acrt_DownlevelLocaleNameToLCID 00000001800178dc     libucrt:lcidtoname_downlevel.obj
 0004:000008e8       $pdata$?shortsort@@YAXPEAD0_KP6AHPEBX2@Z@Z 00000001800178e8     libucrt:qsort.obj
 0004:000008f4       $pdata$2$?shortsort@@YAXPEAD0_KP6AHPEBX2@Z@Z 00000001800178f4     libucrt:qsort.obj
 0004:00000900       $pdata$3$?shortsort@@YAXPEAD0_KP6AHPEBX2@Z@Z 0000000180017900     libucrt:qsort.obj
 0004:0000090c       $pdata$qsort               000000018001790c     libucrt:qsort.obj
 0004:00000918       $pdata$4$qsort             0000000180017918     libucrt:qsort.obj
 0004:00000924       $pdata$5$qsort             0000000180017924     libucrt:qsort.obj
 0004:00000930       $pdata$strncpy_s           0000000180017930     libucrt:strncpy_s.obj
 0004:0000093c       $pdata$strpbrk             000000018001793c     libucrt:strpbrk.obj
 0004:00000948       $pdata$_mbsdec_l           0000000180017948     libucrt:mbsdec.obj
 0004:00000954       $pdata$?initialize_multibyte@@YAHXZ 0000000180017954     libucrt:multibyte_initializer.obj
 0004:00000960       $pdata$_msize              0000000180017960     libucrt:msize.obj
 0004:0000096c       $pdata$_realloc_base       000000018001796c     libucrt:realloc_base.obj
 0004:00000978       $pdata$__acrt_lowio_create_handle_array 0000000180017978     libucrt:osfinfo.obj
 0004:00000984       $pdata$__acrt_lowio_destroy_handle_array 0000000180017984     libucrt:osfinfo.obj
 0004:00000990       $pdata$__acrt_lowio_ensure_fh_exists 0000000180017990     libucrt:osfinfo.obj
 0004:0000099c       $pdata$_free_osfhnd        000000018001799c     libucrt:osfinfo.obj
 0004:000009a8       $pdata$_get_osfhandle      00000001800179a8     libucrt:osfinfo.obj
 0004:000009b4       $pdata$_isatty             00000001800179b4     libucrt:isatty.obj
 0004:000009c0       $pdata$__acrt_stdio_flush_nolock 00000001800179c0     libucrt:fflush.obj
 0004:000009cc       $pdata$_fflush_nolock      00000001800179cc     libucrt:fflush.obj
 0004:000009d8       $pdata$common_flush_all    00000001800179d8     libucrt:fflush.obj
 0004:000009e4       $pdata$_fcloseall          00000001800179e4     libucrt:closeall.obj
 0004:000009f0       $pdata$__acrt_stdio_free_buffer_nolock 00000001800179f0     libucrt:_freebuf.obj
 0004:000009fc       $pdata$??$?RV<lambda_b521505b218e5242e90febf6bfebc422>@@AEAV<lambda_6978c1fb23f02e42e1d9e99668cc68aa>@@V<lambda_314360699dd331753a4119843814e9a7>@@@?$__crt_seh_guarded_call@H@@QEAAH$$QEAV<lambda_b521505b218e5242e90febf6bfebc422>@@AEAV<lambda_6978c1fb23f02e42e1d9e99668cc68aa>@@$$QEAV<lambda_314360699dd331753a4119843814e9a7>@@@Z 00000001800179fc     libucrt:commit.obj
 0004:00000a08       $pdata$_commit             0000000180017a08     libucrt:commit.obj
 0004:00000a14       $pdata$?write_double_translated_ansi_nolock@@YA?AUwrite_result@?A0x9c548279@@HQEBDI@Z 0000000180017a14     libucrt:write.obj
 0004:00000a20       $pdata$?write_text_ansi_nolock@@YA?AUwrite_result@?A0x9c548279@@HQEBDI@Z 0000000180017a20     libucrt:write.obj
 0004:00000a2c       $pdata$?write_text_utf16le_nolock@@YA?AUwrite_result@?A0x9c548279@@HQEBDI@Z 0000000180017a2c     libucrt:write.obj
 0004:00000a38       $pdata$?write_text_utf8_nolock@@YA?AUwrite_result@?A0x9c548279@@HQEBDI@Z 0000000180017a38     libucrt:write.obj
 0004:00000a44       $pdata$_write              0000000180017a44     libucrt:write.obj
 0004:00000a50       $pdata$_write_nolock       0000000180017a50     libucrt:write.obj
 0004:00000a68       $pdata$??$common_lseek_nolock@_J@@YA_JH_JH@Z 0000000180017a68     libucrt:lseek.obj
 0004:00000a74       $pdata$_fclose_nolock      0000000180017a74     libucrt:fclose.obj
 0004:00000a80       $pdata$fclose              0000000180017a80     libucrt:fclose.obj
 0004:00000a8c       $pdata$_putwch_nolock      0000000180017a8c     libucrt:putwch.obj
 0004:00000a98       $pdata$_call_matherr       0000000180017a98     libucrt:libm_error.obj
 0004:00000aa4       $pdata$_exception_enabled  0000000180017aa4     libucrt:libm_error.obj
 0004:00000ab0       $pdata$_handle_error       0000000180017ab0     libucrt:libm_error.obj
 0004:00000abc       $pdata$__acrt_initialize_fma3 0000000180017abc     libucrt:fma3_available.obj
 0004:00000ac8       $pdata$_log10_special      0000000180017ac8     libucrt:log_special.obj
 0004:00000ad4       $pdata$_log_special_common 0000000180017ad4     libucrt:log_special.obj
 0004:00000ae0       $pdata$??$?RV<lambda_bfedae4ebbf01fab1bb6dcc6a9e276e0>@@AEAV<lambda_2fe9b910cf3cbf4a0ab98a02ba45b3ec>@@V<lambda_237c231691f317818eb88cc1d5d642d6>@@@?$__crt_seh_guarded_call@H@@QEAAH$$QEAV<lambda_bfedae4ebbf01fab1bb6dcc6a9e276e0>@@AEAV<lambda_2fe9b910cf3cbf4a0ab98a02ba45b3ec>@@$$QEAV<lambda_237c231691f317818eb88cc1d5d642d6>@@@Z 0000000180017ae0     libucrt:close.obj
 0004:00000aec       $pdata$_close              0000000180017aec     libucrt:close.obj
 0004:00000af8       $pdata$_close_nolock       0000000180017af8     libucrt:close.obj
 0004:00000b04       $pdata$__dcrt_lowio_initialize_console_output 0000000180017b04     libucrt:initcon.obj
 0004:00000b10       $pdata$__dcrt_terminate_console_output 0000000180017b10     libucrt:initcon.obj
 0004:00000b28       $pdata$_raise_exc          0000000180017b28     libucrt:fpexcept.obj
 0004:00000b34       $pdata$_raise_exc_ex       0000000180017b34     libucrt:fpexcept.obj
 0004:00000b40       $pdata$_set_errno_from_matherr 0000000180017b40     libucrt:fpexcept.obj
 0004:00000b4c       $pdata$_clrfp              0000000180017b4c     libucrt:fpctrl.obj
 0004:00000b58       $pdata$_ctrlfp             0000000180017b58     libucrt:fpctrl.obj
 0004:00000b64       $pdata$_set_statfp         0000000180017b64     libucrt:fpctrl.obj
 0004:00000b70       $pdata$_statfp             0000000180017b70     libucrt:fpctrl.obj
 0004:00000b7c       $pdata$?DloadAcquireSectionWriteAccess@@YAXXZ 0000000180017b7c     DelayImp:delayhlp.obj
 0004:00000b88       $pdata$?DloadGetSRWLockFunctionPointers@@YAEXZ 0000000180017b88     DelayImp:delayhlp.obj
 0004:00000b94       $pdata$?DloadMakePermanentImageCommit@@YAXPEAX_K@Z 0000000180017b94     DelayImp:delayhlp.obj
 0004:00000ba0       $pdata$?DloadObtainSection@@YAPEAXPEAK0@Z 0000000180017ba0     DelayImp:delayhlp.obj
 0004:00000bac       $pdata$?DloadProtectSection@@YAXKPEAK@Z 0000000180017bac     DelayImp:delayhlp.obj
 0004:00000bb8       $pdata$?DloadReleaseSectionWriteAccess@@YAXXZ 0000000180017bb8     DelayImp:delayhlp.obj
 0004:00000bc4       $pdata$__delayLoadHelper2  0000000180017bc4     DelayImp:delayhlp.obj
 0004:00000bd0       $pdata$_IsNonwritableInCurrentImage 0000000180017bd0     LIBCMT:pesect.obj
 0004:00000bdc       $pdata$__GSHandlerCheck    0000000180017bdc     LIBCMT:_gshandler_.obj
 0004:00000be8       $pdata$__GSHandlerCheckCommon 0000000180017be8     LIBCMT:_gshandler_.obj
 0004:00000c24       $pdata$?fin$0@?0??dllmain_crt_process_attach@@YAHQEAUHINSTANCE__@@QEAX@Z@4HA 0000000180017c24     LIBCMT:dll_dllmain.obj
 0004:00000c30       $pdata$?fin$0@?0??dllmain_crt_process_detach@@YAH_N@Z@4HA 0000000180017c30     LIBCMT:dll_dllmain.obj
 0004:00000c3c       $pdata$?filt$0@?0??dllmain_dispatch@@YAHQEAUHINSTANCE__@@KQEAX@Z@4HA 0000000180017c3c     LIBCMT:dll_dllmain.obj
 0004:00000c48       $pdata$__scrt_is_nonwritable_in_current_image$filt$0 0000000180017c48     LIBCMT:utility.obj
 0004:00000c54       $pdata$?filt$0@?0??common_exit@@YAXHW4_crt_exit_cleanup_mode@@W4_crt_exit_return_mode@@@Z@4HA 0000000180017c54     libucrt:exit.obj
 0004:00000c60       $pdata$?fin$1@?0??common_exit@@YAXHW4_crt_exit_cleanup_mode@@W4_crt_exit_return_mode@@@Z@4HA 0000000180017c60     libucrt:exit.obj
 0004:00000c6c       $pdata$?fin$0@?0???$?RV<lambda_e24bbb7b643b32fcea6fa61b31d4c984>@@AEAV<lambda_275893d493268fdec8709772e3fcec0e>@@V<lambda_9d71df4d7cf3f480f8d633942495c3b0>@@@?$__crt_seh_guarded_call@H@@QEAAH$$QEAV<lambda_e24bbb7b643b32fcea6fa61b31d4c984>@@AEAV<lambda_275893d493268fdec8709772e3fcec0e>@@$$QEAV<lambda_9d71df4d7cf3f480f8d633942495c3b0>@@@Z@4HA 0000000180017c6c     libucrt:onexit.obj
 0004:00000c78       $pdata$?fin$0@?0???$?RV<lambda_c36588078e9f5dfd39652860aa6b3aaf>@@AEAV<lambda_ec61778202f4f5fc7e7711acc23c3bca>@@V<lambda_dc9d2797ccde5d239b4a0efae8ebd7db>@@@?$__crt_seh_guarded_call@P6AXH@Z@@QEAAP6AXH@Z$$QEAV<lambda_c36588078e9f5dfd39652860aa6b3aaf>@@AEAV<lambda_ec61778202f4f5fc7e7711acc23c3bca>@@$$QEAV<lambda_dc9d2797ccde5d239b4a0efae8ebd7db>@@@Z@4HA 0000000180017c78     libucrt:signal.obj
 0004:00000c78       $pdata$?fin$0@?0???$?RV<lambda_72d1df2b273a38828b1ce30cbf4cdab5>@@AEAV<lambda_876a65b173b8412d3a47c70a915b0cf4>@@V<lambda_41932305e351933ebe8f8be3ed8bb5dc>@@@?$__crt_seh_guarded_call@X@@QEAAX$$QEAV<lambda_72d1df2b273a38828b1ce30cbf4cdab5>@@AEAV<lambda_876a65b173b8412d3a47c70a915b0cf4>@@$$QEAV<lambda_41932305e351933ebe8f8be3ed8bb5dc>@@@Z@4HA 0000000180017c78     libucrt:per_thread_data.obj
 0004:00000c78       $pdata$?fin$0@?0???$?RV<lambda_fb3a7dec4e47f37f22dae91bb15c9095>@@AEAV<lambda_698284760c8add0bfb0756c19673e34b>@@V<lambda_dfb8eca1e75fef3034a8fb18dd509707>@@@?$__crt_seh_guarded_call@X@@QEAAX$$QEAV<lambda_fb3a7dec4e47f37f22dae91bb15c9095>@@AEAV<lambda_698284760c8add0bfb0756c19673e34b>@@$$QEAV<lambda_dfb8eca1e75fef3034a8fb18dd509707>@@@Z@4HA 0000000180017c78     libucrt:per_thread_data.obj
 0004:00000c78       $pdata$?fin$0@?0???$?RV<lambda_b8c45f8f788dd370798f47cfe8ac3a86>@@AEAV<lambda_4e60a939b0d047cfe11ddc22648dfba9>@@V<lambda_332c3edc96d0294ec56c57d38c1cdfd5>@@@?$__crt_seh_guarded_call@H@@QEAAH$$QEAV<lambda_b8c45f8f788dd370798f47cfe8ac3a86>@@AEAV<lambda_4e60a939b0d047cfe11ddc22648dfba9>@@$$QEAV<lambda_332c3edc96d0294ec56c57d38c1cdfd5>@@@Z@4HA 0000000180017c78     libucrt:onexit.obj
 0004:00000c78       $pdata$?fin$0@?0???$?RV<lambda_46352004c1216016012b18bd6f87e700>@@AEAV<lambda_3bd07e1a1191394380780325891bf33f>@@V<lambda_334532d3f185bcaa59b5be82d7d22bff>@@@?$__crt_seh_guarded_call@X@@QEAAX$$QEAV<lambda_46352004c1216016012b18bd6f87e700>@@AEAV<lambda_3bd07e1a1191394380780325891bf33f>@@$$QEAV<lambda_334532d3f185bcaa59b5be82d7d22bff>@@@Z@4HA 0000000180017c78     libucrt:per_thread_data.obj
 0004:00000c78       $pdata$?fin$0@?0???$?RV<lambda_99476a1ad63dd22509b5d3e65b0ffc95>@@AEAV<lambda_ad1ced32f4ac17aa236e5ef05d6b3b7c>@@V<lambda_f7424dd8d45958661754dc4f2697e9c3>@@@?$__crt_seh_guarded_call@X@@QEAAX$$QEAV<lambda_99476a1ad63dd22509b5d3e65b0ffc95>@@AEAV<lambda_ad1ced32f4ac17aa236e5ef05d6b3b7c>@@$$QEAV<lambda_f7424dd8d45958661754dc4f2697e9c3>@@@Z@4HA 0000000180017c78     libucrt:mbctype.obj
 0004:00000c78       $pdata$?fin$0@?0???$?RV<lambda_5e887d1dcbef67a5eb4283622ba103bf>@@AEAV<lambda_4466841279450cc726390878d4a41900>@@V<lambda_341c25c0346d94847f1f3c463c57e077>@@@?$__crt_seh_guarded_call@X@@QEAAX$$QEAV<lambda_5e887d1dcbef67a5eb4283622ba103bf>@@AEAV<lambda_4466841279450cc726390878d4a41900>@@$$QEAV<lambda_341c25c0346d94847f1f3c463c57e077>@@@Z@4HA 0000000180017c78     libucrt:per_thread_data.obj
 0004:00000c84       $pdata$__acrt_uninitialize_locale$fin$0 0000000180017c84     libucrt:wsetlocale.obj
 0004:00000c84       $pdata$__acrt_update_thread_locale_data$fin$0 0000000180017c84     libucrt:locale_refcounting.obj
 0004:00000c90       $pdata$__acrt_update_thread_multibyte_data$fin$0 0000000180017c90     libucrt:mbctype.obj
 0004:00000c9c       $pdata$_query_new_handler$fin$0 0000000180017c9c     libucrt:new_handler.obj
 0004:00000ca8       $pdata$raise$fin$0         0000000180017ca8     libucrt:signal.obj
 0004:00000cb4       $pdata$__acrt_lowio_ensure_fh_exists$fin$0 0000000180017cb4     libucrt:osfinfo.obj
 0004:00000cb4       $pdata$__acrt_initialize_lowio$fin$0 0000000180017cb4     libucrt:ioinit.obj
 0004:00000cc0       $pdata$common_flush_all$fin$0 0000000180017cc0     libucrt:fflush.obj
 0004:00000ccc       $pdata$common_flush_all$fin$1 0000000180017ccc     libucrt:fflush.obj
 0004:00000cd8       $pdata$_fcloseall$fin$0    0000000180017cd8     libucrt:closeall.obj
 0004:00000ce4       $pdata$_write$fin$0        0000000180017ce4     libucrt:write.obj
 0004:00000cf0       $pdata$fclose$fin$0        0000000180017cf0     libucrt:fclose.obj
 0004:00000cfc       $pdata$?fin$0@?0???$?RV<lambda_bfedae4ebbf01fab1bb6dcc6a9e276e0>@@AEAV<lambda_2fe9b910cf3cbf4a0ab98a02ba45b3ec>@@V<lambda_237c231691f317818eb88cc1d5d642d6>@@@?$__crt_seh_guarded_call@H@@QEAAH$$QEAV<lambda_bfedae4ebbf01fab1bb6dcc6a9e276e0>@@AEAV<lambda_2fe9b910cf3cbf4a0ab98a02ba45b3ec>@@$$QEAV<lambda_237c231691f317818eb88cc1d5d642d6>@@@Z@4HA 0000000180017cfc     libucrt:close.obj
 0004:00000cfc       $pdata$?fin$0@?0???$?RV<lambda_b521505b218e5242e90febf6bfebc422>@@AEAV<lambda_6978c1fb23f02e42e1d9e99668cc68aa>@@V<lambda_314360699dd331753a4119843814e9a7>@@@?$__crt_seh_guarded_call@H@@QEAAH$$QEAV<lambda_b521505b218e5242e90febf6bfebc422>@@AEAV<lambda_6978c1fb23f02e42e1d9e99668cc68aa>@@$$QEAV<lambda_314360699dd331753a4119843814e9a7>@@@Z@4HA 0000000180017cfc     libucrt:commit.obj
 0004:00000d08       $pdata$_ctrlfp$filt$0      0000000180017d08     libucrt:fpctrl.obj
 0004:00000d14       $pdata$_IsNonwritableInCurrentImage$filt$0 0000000180017d14     LIBCMT:pesect.obj
 0005:00000000       __guard_fids__             0000000180018000     libucrt:initialization.obj
 0005:00000060       __guard_fids___acrt_initialize_ptd 0000000180018060     libucrt:per_thread_data.obj
 0005:00000064       __guard_fids_??$expand_argument_wildcards@D@@YAHQEAD0AEAV?$argument_list@D@?A0xca0879c4@@@Z 0000000180018064     libucrt:argv_wildcards.obj
 0005:00000068       __guard_fids__             0000000180018068     libucrt:locale_initializer.obj
 0005:0000006c       __guard_fids__             000000018001806c     libucrt:multibyte_initializer.obj
 0005:00000070       __guard_fids__             0000000180018070     libucrt:stdio_initializer.obj
 0005:00000074       __guard_fids__             0000000180018074     libucrt:stdio_initializer.obj
 0005:00000078       __guard_fids__             0000000180018078     libucrt:fma3_initializer.obj
 0005:0000007c       __guard_fids__             000000018001807c     libucrt:console_output_initializer.obj
 0005:00000080       __guard_fids_?dllmain_crt_process_attach@@YAHQEAUHINSTANCE__@@QEAX@Z 0000000180018080     LIBCMT:dll_dllmain.obj
 0005:00000088       __guard_fids_?dllmain_dispatch@@YAHQEAUHINSTANCE__@@KQEAX@Z 0000000180018088     LIBCMT:dll_dllmain.obj
 0005:0000008c       __guard_fids__             000000018001808c     LIBCMT:guard_support.obj
 0005:00000090       __guard_fids___vcrt_initialize_ptd 0000000180018090     libvcruntime:per_thread_data.obj
 0006:00000060       $R000000                   0000000180019060     * linker generated manifest res *

 Exports

  ordinal    name

        1    _register_binding_
